Microchip MPLAB XC8 Compiler V1.41 ()

Linker command line:

--edf=/opt/microchip/xc8/v1.41/dat/en_msgs.txt -cs \
  -h+dist/XC8_18F87K22/production/Romulo.x.production.sym \
  --cmf=dist/XC8_18F87K22/production/Romulo.x.production.cmf -z -Q18F24K22 \
  -o/tmp/xcXEMYGLf -Mdist/XC8_18F87K22/production/Romulo.x.production.map \
  -E1 -ver=XC8 -ASTACK=095h-02ffh -pstack=STACK -ACODE=00h-03FFFh \
  -ACONST=00h-03FFFh -ASMALLCONST=0300h-03FFhx61 -AMEDIUMCONST=0300h-03FFFh \
  -ACOMRAM=01h-05Fh -AABS1=00h-02FFh -ABIGRAM=01h-02FFh \
  -ARAM=060h-0FFh,0100h-01FFhx2 -ABANK0=060h-0FFh -ABANK1=0100h-01FFh \
  -ABANK2=0200h-02FFh -ASFR=0F38h-0F5Fh,0F60h-0FFFh \
  -preset_vec=00h,intcode=08h,intcodelo=018h,powerup,init -pramtop=0300h \
  -psmallconst=SMALLCONST -pmediumconst=MEDIUMCONST -pconst=CONST \
  -AFARRAM=00h-00h -ACONFIG=0300000h-030000Dh -pconfig=CONFIG \
  -AIDLOC=0200000h-0200007h -pidloc=IDLOC -AEEDATA=0F00000h-0F000FFh \
  -peeprom_data=EEDATA \
  -prdata=COMRAM,nvrram=COMRAM,nvbit=COMRAM,rbss=COMRAM,rbit=COMRAM \
  -pfarbss=FARRAM,fardata=FARRAM,nvFARRAM=FARRAM \
  -pintsave_regs=BIGRAM,bigbss=BIGRAM,bigdata=BIGRAM -pbss=RAM \
  -pidata=CODE,irdata=CODE,ibigdata=CODE,ifardata=CODE -prparam=COMRAM \
  /tmp/xcXKDDbnu.obj dist/XC8_18F87K22/production/Romulo.x.production.obj 

Object code version is 3.11

Machine type is 18F24K22

Call graph: (short form)




                Name                               Link     Load   Length Selector   Space Scale
/tmp/xcXKDDbnu.obj
                init                                 A6       A6        4        C       0
                reset_vec                             0        0        4        0       0
                idloc                            200000   200000        8   200000       0
                config                           300000   300000        E   300000       0
dist/XC8_18F87K22/production/Romulo.x.production.obj
                intcodelo                            18       18       8E        C       0
                intcode                               8        8        6        4       0
                temp                                 40       40        1        1       1
                intcode_body                       1114     1114       74        C       0
                text34                             14A8     14A8       1E        C       0
                text33                             13AC     13AC       30        C       0
                text32                             1340     1340       3C        C       0
                text31                             1304     1304       3C        C       0
                text30                              DC2      DC2       C6        C       0
                text29                              88C      88C      15E        C       0
                text28                              44A      44A      268        C       0
                text27                             1234     1234       4C        C       0
                text26                              9EA      9EA      12E        C       0
                text25                             1402     1402       24        C       0
                text24                              6B2      6B2      1DA        C       0
                text23                             14E0     14E0       16        C       0
                text22                             14C6     14C6       1A        C       0
                text21                             1488     1488       20        C       0
                text20                             1468     1468       20        C       0
                text19                             1508     1508        E        C       0
                text18                             137C     137C       30        C       0
                text17                             151E     151E        4        C       0
                text16                             1448     1448       20        C       0
                text15                             151A     151A        4        C       0
                text14                             14F6     14F6       12        C       0
                text13                             1426     1426       22        C       0
                text12                              FF2      FF2       AA        C       0
                text11                             1188     1188       60        C       0
                text10                             109C     109C       78        C       0
                text9                              1522     1522        2        C       0
                text8                              11E8     11E8       4C        C       0
                text7                               C2A      C2A       D0        C       0
                text6                               F48      F48       AA        C       0
                text5                              12C4     12C4       40        C       0
                text4                               E88      E88       C0        C       0
                text3                               CFA      CFA       C8        C       0
                text2                              13DC     13DC       26        C       0
                text1                               B18      B18      112        C       0
                text0                                AA       AA      3A0        C       0
                cstackCOMRAM                          1        1       25        1       1
                cstackBANK0                          60       60       31       60       1
                bssBANK0                             91       91        4       60       1
                dataCOMRAM                           3A       3A        4        1       1
                bssCOMRAM                            26       26       14        1       1
                cinit                              1280     1280       44        C       0
                nvCOMRAM                             3E       3E        2        1       1
                idataCOMRAM                        1516     1516        4        C       0

TOTAL           Name                               Link     Load   Length     Space
        CLASS   STACK          

        CLASS   CODE           
                intcodelo                            18       18       8E         0
                intcode                               8        8        6         0
                init                                 A6       A6        4         0
                reset_vec                             0        0        4         0
                intcode_body                       1114     1114       74         0
                text34                             14A8     14A8       1E         0
                text33                             13AC     13AC       30         0
                text32                             1340     1340       3C         0
                text31                             1304     1304       3C         0
                text30                              DC2      DC2       C6         0
                text29                              88C      88C      15E         0
                text28                              44A      44A      268         0
                text27                             1234     1234       4C         0
                text26                              9EA      9EA      12E         0
                text25                             1402     1402       24         0
                text24                              6B2      6B2      1DA         0
                text23                             14E0     14E0       16         0
                text22                             14C6     14C6       1A         0
                text21                             1488     1488       20         0
                text20                             1468     1468       20         0
                text19                             1508     1508        E         0
                text18                             137C     137C       30         0
                text17                             151E     151E        4         0
                text16                             1448     1448       20         0
                text15                             151A     151A        4         0
                text14                             14F6     14F6       12         0
                text13                             1426     1426       22         0
                text12                              FF2      FF2       AA         0
                text11                             1188     1188       60         0
                text10                             109C     109C       78         0
                text9                              1522     1522        2         0
                text8                              11E8     11E8       4C         0
                text7                               C2A      C2A       D0         0
                text6                               F48      F48       AA         0
                text5                              12C4     12C4       40         0
                text4                               E88      E88       C0         0
                text3                               CFA      CFA       C8         0
                text2                              13DC     13DC       26         0
                text1                               B18      B18      112         0
                text0                                AA       AA      3A0         0
                cinit                              1280     1280       44         0
                idataCOMRAM                        1516     1516        4         0

        CLASS   CONST          

        CLASS   SMALLCONST     

        CLASS   MEDIUMCONST    

        CLASS   COMRAM         
                temp                                 40       40        1         1
                cstackCOMRAM                          1        1       25         1
                dataCOMRAM                           3A       3A        4         1
                bssCOMRAM                            26       26       14         1
                nvCOMRAM                             3E       3E        2         1

        CLASS   ABS1           

        CLASS   BIGRAM         

        CLASS   RAM            

        CLASS   BANK0          
                cstackBANK0                          60       60       31         1
                bssBANK0                             91       91        4         1

        CLASS   BANK1          

        CLASS   BANK2          

        CLASS   SFR            

        CLASS   FARRAM         

        CLASS   CONFIG         
                config                           300000   300000        E         0

        CLASS   IDLOC          
                idloc                            200000   200000        8         0

        CLASS   EEDATA         



SEGMENTS        Name                           Load    Length   Top    Selector   Space  Class

                reset_vec                      000000  000004  000004         0       0  CODE    
                cstackCOMRAM                   000001  000040  000041         1       1  COMRAM  
                intcode                        000008  000006  00000E         4       0  CODE    
                intcodelo                      000018  00150C  001524         C       0  CODE    
                cstackBANK0                    000060  000035  000095        60       1  BANK0   
                idloc                          200000  000008  200008    200000       0  IDLOC   
                config                         300000  00000E  30000E    300000       0  CONFIG  


UNUSED ADDRESS RANGES

        Name                Unused          Largest block    Delta
        BANK0            000095-0000FF               6B
        BANK1            000100-0001FF              100
        BANK2            000200-0002FF              100
        BIGRAM           000041-00005F               1F
                         000095-0002FF              26B
        CODE             000004-000007                4
                         00000E-000017                A
                         001524-003FFF             2ADC
        COMRAM           000041-00005F               1F
        CONST            000004-000007                4
                         00000E-000017                A
                         001524-003FFF             2ADC
        EEDATA           F00000-F000FF              100
        MEDIUMCONST      001524-003FFF             2ADC
        RAM              000095-0002FF              100
        SFR              000F38-000FFF               28
        SMALLCONST       001524-003FFF              100
        STACK            000095-0002FF              26B

                                  Symbol Table

?_ADC_GetConversion              cstackCOMRAM 000020
?___ftadd                        cstackBANK0  000072
?___ftmul                        cstackBANK0  000063
?___ftpack                       cstackCOMRAM 000020
?___ftsub                        cstackBANK0  00007E
?___fttol                        cstackCOMRAM 000020
?___lwdiv                        cstackBANK0  000060
?___lwtoft                       cstackBANK0  000063
?___wmul                         cstackCOMRAM 000020
ADC_GetConversion@channel        cstackCOMRAM 000024
EPWM1_LoadDutyValue@dutyValue    cstackBANK0  00006B
EPWM2_LoadDutyValue@dutyValue    cstackBANK0  00006B
PID_Linea@Ie                     cstackBANK0  000087
PID_Linea@deltaV                 cstackBANK0  00008A
PID_Linea@e                      cstackBANK0  00008D
PID_Linea@vel                    cstackBANK0  000084
_ADCON0                          (abs)        000FC2
_ADCON0bits                      (abs)        000FC2
_ADCON1                          (abs)        000FC1
_ADCON2                          (abs)        000FC0
_ADC_GetConversion               text33       0013AC
_ADC_Initialize                  text23       0014E0
_ADRESH                          (abs)        000FC4
_ADRESL                          (abs)        000FC3
_ANSELA                          (abs)        000F38
_ANSELB                          (abs)        000F39
_ANSELC                          (abs)        000F3A
_CCP1CON                         (abs)        000FBD
_CCP2CON                         (abs)        000F66
_CCP4CON                         (abs)        000F57
_CCP4_Initialize                 text22       0014C6
_CCPR1H                          (abs)        000FBF
_CCPR1L                          (abs)        000FBE
_CCPR2H                          (abs)        000F68
_CCPR2L                          (abs)        000F67
_CCPR4H                          (abs)        000F59
_CCPR4L                          (abs)        000F58
_CCPTMRS0bits                    (abs)        000F49
_CCPTMRS1bits                    (abs)        000F48
_ECCP1AS                         (abs)        000FB6
_ECCP2AS                         (abs)        000F64
_EPWM1_Initialize                text21       001488
_EPWM1_LoadDutyValue             text32       001340
_EPWM2_Initialize                text20       001468
_EPWM2_LoadDutyValue             text31       001304
_INT1IE                          (abs)        007F83
_INT1IP                          (abs)        007F86
_INTCON2bits                     (abs)        000FF1
_INTCONbits                      (abs)        000FF2
_INTEDG1                         (abs)        007F8D
_InitApp                         text34       0014A8
_LATA                            (abs)        000F89
_LATA0                           (abs)        007C48
_LATA1                           (abs)        007C49
_LATA2                           (abs)        007C4A
_LATA3                           (abs)        007C4B
_LATA4                           (abs)        007C4C
_LATB                            (abs)        000F8A
_LATC                            (abs)        000F8B
_LATC0                           (abs)        007C58
_LATC3                           (abs)        007C5B
_LATC4                           (abs)        007C5C
_LATC5                           (abs)        007C5D
_LATC6                           (abs)        007C5E
_LATC7                           (abs)        007C5F
_OSCCON                          (abs)        000FD3
_OSCCON2                         (abs)        000FD2
_OSCILLATOR_Initialize           text19       001508
_OSCTUNE                         (abs)        000F9B
_PID_Linea                       text24       0006B2
_PIN_MANAGER_Initialize          text18       00137C
_PIR1bits                        (abs)        000F9E
_PIR4bits                        (abs)        000F7B
_PORTBbits                       (abs)        000F81
_PR2                             (abs)        000FBB
_PSTR1CON                        (abs)        000FB9
_PSTR2CON                        (abs)        000F63
_PWM1CON                         (abs)        000FB7
_PWM2CON                         (abs)        000F65
_SYSTEM_Initialize               text13       001426
_T                               bssCOMRAM    00002E
_T1CON                           (abs)        000FCD
_T1CONbits                       (abs)        000FCD
_T1GCON                          (abs)        000FCC
_T1GCONbits                      (abs)        000FCC
_T2CON                           (abs)        000FBA
_T2CONbits                       (abs)        000FBA
_TMR1                            (abs)        000FCE
_TMR1H                           (abs)        000FCF
_TMR1L                           (abs)        000FCE
_TMR1_Initialize                 text16       001448
_TMR1_StartTimer                 text17       00151E
_TMR2                            (abs)        000FBC
_TMR2_Initialize                 text14       0014F6
_TMR2_StartTimer                 text15       00151A
_TRISA                           (abs)        000F92
_TRISAbits                       (abs)        000F92
_TRISB                           (abs)        000F93
_TRISBbits                       (abs)        000F93
_TRISC                           (abs)        000F94
_V_batt                          bssCOMRAM    000032
_V_frontale                      bssCOMRAM    00002A
_V_posteriore                    bssCOMRAM    000028
_V_pulsantiera                   bssBANK0     000091
_WPUB                            (abs)        000F61
__CFG_BOREN$SBORDIS              (abs)        000000
__CFG_BORV$190                   (abs)        000000
__CFG_CCP2MX$PORTC1              (abs)        000000
__CFG_CCP3MX$PORTB5              (abs)        000000
__CFG_CP0$OFF                    (abs)        000000
__CFG_CP1$OFF                    (abs)        000000
__CFG_CPB$OFF                    (abs)        000000
__CFG_CPD$OFF                    (abs)        000000
__CFG_DEBUG$OFF                  (abs)        000000
__CFG_EBTR0$OFF                  (abs)        000000
__CFG_EBTR1$OFF                  (abs)        000000
__CFG_EBTRB$OFF                  (abs)        000000
__CFG_FCMEN$OFF                  (abs)        000000
__CFG_FOSC$INTIO67               (abs)        000000
__CFG_HFOFST$ON                  (abs)        000000
__CFG_IESO$OFF                   (abs)        000000
__CFG_LVP$OFF                    (abs)        000000
__CFG_MCLRE$EXTMCLR              (abs)        000000
__CFG_P2BMX$PORTB5               (abs)        000000
__CFG_PBADEN$ON                  (abs)        000000
__CFG_PLLCFG$OFF                 (abs)        000000
__CFG_PRICLKEN$OFF               (abs)        000000
__CFG_PWRTEN$OFF                 (abs)        000000
__CFG_STVREN$ON                  (abs)        000000
__CFG_T3CMX$PORTC0               (abs)        000000
__CFG_WDTEN$OFF                  (abs)        000000
__CFG_WDTPS$32768                (abs)        000000
__CFG_WRT0$OFF                   (abs)        000000
__CFG_WRT1$OFF                   (abs)        000000
__CFG_WRTB$OFF                   (abs)        000000
__CFG_WRTC$OFF                   (abs)        000000
__CFG_WRTD$OFF                   (abs)        000000
__CFG_XINST$OFF                  (abs)        000000
__HRAM                           (abs)        000000
__Habs1                          abs1         000000
__Hbank0                         bank0        000000
__Hbank1                         bank1        000000
__Hbank2                         bank2        000000
__Hbigbss                        bigbss       000000
__Hbigdata                       bigdata      000000
__Hbigram                        bigram       000000
__Hbss                           bss          000000
__HbssBANK0                      bssBANK0     000000
__HbssCOMRAM                     bssCOMRAM    000000
__Hcinit                         cinit        000000
__Hclrtext                       clrtext      000000
__Hcomram                        comram       000000
__Hconfig                        config       30000E
__Hconst                         const        000000
__HcstackBANK0                   cstackBANK0  000000
__HcstackCOMRAM                  cstackCOMRAM 000000
__Hdata                          data         000000
__HdataCOMRAM                    dataCOMRAM   000000
__Heeprom_data                   eeprom_data  000000
__Hfarbss                        farbss       000000
__Hfardata                       fardata      000000
__Hibigdata                      ibigdata     000000
__Hidata                         idata        000000
__HidataCOMRAM                   idataCOMRAM  000000
__Hidloc                         idloc        200008
__Hifardata                      ifardata     000000
__Hinit                          init         0000AA
__Hintcode                       intcode      00000E
__Hintcode_body                  intcode_body 000000
__Hintcodelo                     intcodelo    0000A6
__Hintentry                      intentry     000000
__Hintret                        intret       000000
__Hintsave_regs                  intsave_regs 000000
__Hirdata                        irdata       000000
__Hmediumconst                   mediumconst  000000
__HnvCOMRAM                      nvCOMRAM     000000
__HnvFARRAM                      nvFARRAM     000000
__Hnvbit                         nvbit        000000
__Hnvrram                        nvrram       000000
__Hparam                         rparam       000000
__Hpowerup                       powerup      0000A6
__Hram                           ram          000000
__Hramtop                        ramtop       000300
__Hrbit                          rbit         000000
__Hrbss                          rbss         000000
__Hrdata                         rdata        000000
__Hreset_vec                     reset_vec    000004
__Hrparam                        rparam       000000
__Hsfr                           sfr          000000
__Hsmallconst                    smallconst   000000
__Hspace_0                       (abs)        30000E
__Hspace_1                       (abs)        000095
__Hspace_2                       (abs)        000000
__Hstack                         stack        000000
__Hstruct                        struct       000000
__Htemp                          temp         000041
__Htext                          text         000000
__Htext0                         text0        000000
__Htext1                         text1        000000
__Htext10                        text10       000000
__Htext11                        text11       000000
__Htext12                        text12       000000
__Htext13                        text13       000000
__Htext14                        text14       000000
__Htext15                        text15       000000
__Htext16                        text16       000000
__Htext17                        text17       000000
__Htext18                        text18       000000
__Htext19                        text19       000000
__Htext2                         text2        000000
__Htext20                        text20       000000
__Htext21                        text21       000000
__Htext22                        text22       000000
__Htext23                        text23       000000
__Htext24                        text24       000000
__Htext25                        text25       000000
__Htext26                        text26       000000
__Htext27                        text27       000000
__Htext28                        text28       000000
__Htext29                        text29       000000
__Htext3                         text3        000000
__Htext30                        text30       000000
__Htext31                        text31       000000
__Htext32                        text32       000000
__Htext33                        text33       000000
__Htext34                        text34       000000
__Htext4                         text4        000000
__Htext5                         text5        000000
__Htext6                         text6        000000
__Htext7                         text7        000000
__Htext8                         text8        000000
__Htext9                         text9        000000
__LRAM                           (abs)        000001
__Labs1                          abs1         000000
__Lbank0                         bank0        000000
__Lbank1                         bank1        000000
__Lbank2                         bank2        000000
__Lbigbss                        bigbss       000000
__Lbigdata                       bigdata      000000
__Lbigram                        bigram       000000
__Lbss                           bss          000000
__LbssBANK0                      bssBANK0     000000
__LbssCOMRAM                     bssCOMRAM    000000
__Lcinit                         cinit        000000
__Lclrtext                       clrtext      000000
__Lcomram                        comram       000000
__Lconfig                        config       300000
__Lconst                         const        000000
__LcstackBANK0                   cstackBANK0  000000
__LcstackCOMRAM                  cstackCOMRAM 000000
__Ldata                          data         000000
__LdataCOMRAM                    dataCOMRAM   000000
__Leeprom_data                   eeprom_data  000000
__Lfarbss                        farbss       000000
__Lfardata                       fardata      000000
__Libigdata                      ibigdata     000000
__Lidata                         idata        000000
__LidataCOMRAM                   idataCOMRAM  000000
__Lidloc                         idloc        200000
__Lifardata                      ifardata     000000
__Linit                          init         0000A6
__Lintcode                       intcode      000008
__Lintcode_body                  intcode_body 000000
__Lintcodelo                     intcodelo    000018
__Lintentry                      intentry     000000
__Lintret                        intret       000000
__Lintsave_regs                  intsave_regs 000000
__Lirdata                        irdata       000000
__Lmediumconst                   mediumconst  000000
__LnvCOMRAM                      nvCOMRAM     000000
__LnvFARRAM                      nvFARRAM     000000
__Lnvbit                         nvbit        000000
__Lnvrram                        nvrram       000000
__Lparam                         rparam       000000
__Lpowerup                       powerup      0000A6
__Lram                           ram          000000
__Lramtop                        ramtop       000300
__Lrbit                          rbit         000000
__Lrbss                          rbss         000000
__Lrdata                         rdata        000000
__Lreset_vec                     reset_vec    000000
__Lrparam                        rparam       000000
__Lsfr                           sfr          000000
__Lsmallconst                    smallconst   000000
__Lspace_0                       (abs)        000000
__Lspace_1                       (abs)        000000
__Lspace_2                       (abs)        000000
__Lstack                         stack        000000
__Lstruct                        struct       000000
__Ltemp                          temp         000040
__Ltext                          text         000000
__Ltext0                         text0        000000
__Ltext1                         text1        000000
__Ltext10                        text10       000000
__Ltext11                        text11       000000
__Ltext12                        text12       000000
__Ltext13                        text13       000000
__Ltext14                        text14       000000
__Ltext15                        text15       000000
__Ltext16                        text16       000000
__Ltext17                        text17       000000
__Ltext18                        text18       000000
__Ltext19                        text19       000000
__Ltext2                         text2        000000
__Ltext20                        text20       000000
__Ltext21                        text21       000000
__Ltext22                        text22       000000
__Ltext23                        text23       000000
__Ltext24                        text24       000000
__Ltext25                        text25       000000
__Ltext26                        text26       000000
__Ltext27                        text27       000000
__Ltext28                        text28       000000
__Ltext29                        text29       000000
__Ltext3                         text3        000000
__Ltext30                        text30       000000
__Ltext31                        text31       000000
__Ltext32                        text32       000000
__Ltext33                        text33       000000
__Ltext34                        text34       000000
__Ltext4                         text4        000000
__Ltext5                         text5        000000
__Ltext6                         text6        000000
__Ltext7                         text7        000000
__Ltext8                         text8        000000
__Ltext9                         text9        000000
__S0                             (abs)        30000E
__S1                             (abs)        000095
__S2                             (abs)        000000
___ftadd                         text28       00044A
___ftadd@exp1                    cstackBANK0  00007D
___ftadd@exp2                    cstackBANK0  00007C
___ftadd@f1                      cstackBANK0  000072
___ftadd@f2                      cstackBANK0  000075
___ftadd@sign                    cstackBANK0  00007B
___ftge                          text3        000CFA
___ftge@ff1                      cstackBANK0  000066
___ftge@ff2                      cstackBANK0  000069
___ftmul                         text29       00088C
___ftmul@cntr                    cstackBANK0  000070
___ftmul@exp                     cstackBANK0  00006C
___ftmul@f1                      cstackBANK0  000063
___ftmul@f2                      cstackBANK0  000066
___ftmul@f3_as_product           cstackBANK0  00006D
___ftmul@sign                    cstackBANK0  000071
___ftpack                        text30       000DC2
___ftpack@arg                    cstackCOMRAM 000020
___ftpack@exp                    cstackCOMRAM 000023
___ftpack@sign                   cstackCOMRAM 000024
___ftsub                         text27       001234
___ftsub@f1                      cstackBANK0  00007E
___ftsub@f2                      cstackBANK0  000081
___fttol                         text26       0009EA
___fttol@exp1                    cstackBANK0  00006A
___fttol@f1                      cstackCOMRAM 000020
___fttol@lval                    cstackBANK0  000066
___fttol@sign1                   cstackBANK0  000065
___inthi_sp                      stack        000000
___intlo_sp                      stack        000000
___lwdiv                         text10       00109C
___lwdiv@counter                 cstackBANK0  000064
___lwdiv@dividend                cstackBANK0  000060
___lwdiv@divisor                 cstackBANK0  000062
___lwdiv@quotient                cstackBANK0  000065
___lwtoft                        text25       001402
___lwtoft@c                      cstackBANK0  000063
___param_bank                    (abs)        000000
___rparam_used                   (abs)        000001
___sp                            stack        000000
___wmul                          text2        0013DC
___wmul@multiplicand             cstackCOMRAM 000022
___wmul@multiplier               cstackCOMRAM 000020
___wmul@product                  cstackCOMRAM 000024
__accesstop                      (abs)        000060
__activetblptr                   (abs)        000002
__end_of_ADC_GetConversion       text33       0013DC
__end_of_ADC_Initialize          text23       0014F6
__end_of_CCP4_Initialize         text22       0014E0
__end_of_EPWM1_Initialize        text21       0014A8
__end_of_EPWM1_LoadDutyValue     text32       00137C
__end_of_EPWM2_Initialize        text20       001488
__end_of_EPWM2_LoadDutyValue     text31       001340
__end_of_InitApp                 text34       0014C6
__end_of_OSCILLATOR_Initialize   text19       001516
__end_of_PID_Linea               text24       00088C
__end_of_PIN_MANAGER_Initialize  text18       0013AC
__end_of_SYSTEM_Initialize       text13       001448
__end_of_TMR1_Initialize         text16       001468
__end_of_TMR1_StartTimer         text17       001522
__end_of_TMR2_Initialize         text14       001508
__end_of_TMR2_StartTimer         text15       00151E
__end_of___ftadd                 text28       0006B2
__end_of___ftge                  text3        000DC2
__end_of___ftmul                 text29       0009EA
__end_of___ftpack                text30       000E88
__end_of___ftsub                 text27       001280
__end_of___fttol                 text26       000B18
__end_of___lwdiv                 text10       001114
__end_of___lwtoft                text25       001426
__end_of___wmul                  text2        001402
__end_of__initialization         cinit        0012B6
__end_of_abbassaCarrello         text12       00109C
__end_of_checkBatt               text9        001524
__end_of_compara                 text11       0011E8
__end_of_controllaColore         text7        000CFA
__end_of_delay_mS                text8        001234
__end_of_high_isr                intcode_body 001188
__end_of_low_isr                 intcodelo    0000A6
__end_of_main                    text0        00044A
__end_of_sollevaCarrello         text6        000FF2
__end_of_stopM                   text5        001304
__end_of_taratura                text4        000F48
__end_of_taraturaIR              text1        000C2A
__initialization                 cinit        001280
__mediumconst                    mediumconst  000000
__pbssBANK0                      bssBANK0     000091
__pbssCOMRAM                     bssCOMRAM    000026
__pcinit                         cinit        001280
__pcstackBANK0                   cstackBANK0  000060
__pcstackCOMRAM                  cstackCOMRAM 000001
__pdataCOMRAM                    dataCOMRAM   00003A
__pidataCOMRAM                   idataCOMRAM  001516
__pintcode                       intcode      000008
__pintcode_body                  intcode_body 001114
__pintcodelo                     intcodelo    000018
__pnvCOMRAM                      nvCOMRAM     00003E
__ptext0                         text0        0000AA
__ptext1                         text1        000B18
__ptext10                        text10       00109C
__ptext11                        text11       001188
__ptext12                        text12       000FF2
__ptext13                        text13       001426
__ptext14                        text14       0014F6
__ptext15                        text15       00151A
__ptext16                        text16       001448
__ptext17                        text17       00151E
__ptext18                        text18       00137C
__ptext19                        text19       001508
__ptext2                         text2        0013DC
__ptext20                        text20       001468
__ptext21                        text21       001488
__ptext22                        text22       0014C6
__ptext23                        text23       0014E0
__ptext24                        text24       0006B2
__ptext25                        text25       001402
__ptext26                        text26       0009EA
__ptext27                        text27       001234
__ptext28                        text28       00044A
__ptext29                        text29       00088C
__ptext3                         text3        000CFA
__ptext30                        text30       000DC2
__ptext31                        text31       001304
__ptext32                        text32       001340
__ptext33                        text33       0013AC
__ptext34                        text34       0014A8
__ptext4                         text4        000E88
__ptext5                         text5        0012C4
__ptext6                         text6        000F48
__ptext7                         text7        000C2A
__ptext8                         text8        0011E8
__ptext9                         text9        001522
__ramtop                         ramtop       000300
__size_of_ADC_GetConversion      (abs)        000000
__size_of_ADC_Initialize         (abs)        000000
__size_of_CCP4_Initialize        (abs)        000000
__size_of_EPWM1_Initialize       (abs)        000000
__size_of_EPWM1_LoadDutyValue    (abs)        000000
__size_of_EPWM2_Initialize       (abs)        000000
__size_of_EPWM2_LoadDutyValue    (abs)        000000
__size_of_InitApp                (abs)        000000
__size_of_OSCILLATOR_Initialize  (abs)        000000
__size_of_PID_Linea              (abs)        000000
__size_of_PIN_MANAGER_Initialize (abs)        000000
__size_of_SYSTEM_Initialize      (abs)        000000
__size_of_TMR1_Initialize        (abs)        000000
__size_of_TMR1_StartTimer        (abs)        000000
__size_of_TMR2_Initialize        (abs)        000000
__size_of_TMR2_StartTimer        (abs)        000000
__size_of___ftadd                (abs)        000000
__size_of___ftge                 (abs)        000000
__size_of___ftmul                (abs)        000000
__size_of___ftpack               (abs)        000000
__size_of___ftsub                (abs)        000000
__size_of___fttol                (abs)        000000
__size_of___lwdiv                (abs)        000000
__size_of___lwtoft               (abs)        000000
__size_of___wmul                 (abs)        000000
__size_of_abbassaCarrello        (abs)        000000
__size_of_checkBatt              (abs)        000000
__size_of_compara                (abs)        000000
__size_of_controllaColore        (abs)        000000
__size_of_delay_mS               (abs)        000000
__size_of_high_isr               (abs)        000000
__size_of_low_isr                (abs)        000000
__size_of_main                   (abs)        000000
__size_of_sollevaCarrello        (abs)        000000
__size_of_stopM                  (abs)        000000
__size_of_taratura               (abs)        000000
__size_of_taraturaIR             (abs)        000000
__smallconst                     smallconst   000000
_abbassaCarrello                 text12       000FF2
_bluPC                           bssCOMRAM    000034
_checkBatt                       text9        001522
_colore                          bssBANK0     000094
_compara                         text11       001188
_compara$971                     cstackBANK0  000062
_controllaColore                 text7        000C2A
_delay_mS                        text8        0011E8
_deltaV                          bssCOMRAM    000030
_goal_color                      bssBANK0     000093
_high_isr                        intcode      000008
_i                               bssCOMRAM    000026
_low_isr                         intcodelo    000018
_main                            text0        0000AA
_msec_10                         bssCOMRAM    00002C
_rossoPC                         bssCOMRAM    000038
_sollevaCarrello                 text6        000F48
_stopM                           text5        0012C4
_taratura                        text4        000E88
_taraturaIR                      text1        000B18
_timer1ReloadVal                 nvCOMRAM     00003E
_vel_DX                          dataCOMRAM   00003C
_vel_SX                          dataCOMRAM   00003A
_verdePC                         bssCOMRAM    000036
abbassaCarrello@p                cstackCOMRAM 000021
abbassaCarrello@p_1014           cstackCOMRAM 000022
btemp                            temp         000040
compara@soglia                   cstackCOMRAM 000022
compara@tolleranza               cstackCOMRAM 000024
compara@valore                   cstackCOMRAM 000020
delay_mS@m_sec                   cstackBANK0  000067
end_of_initialization            cinit        0012B6
int$flags                        temp         000040
int_func                         intcode_body 001114
intlevel0                        text         000000
intlevel1                        text         000000
intlevel2                        text         000000
intlevel3                        text         000000
main@numLinee                    cstackBANK0  000090
sollevaCarrello@p                cstackCOMRAM 000021
stackhi                          (abs)        0002FF
stacklo                          (abs)        000095
start                            init         0000A6
start_initialization             cinit        001280
taratura@v_sensori               cstackBANK0  00006B
taraturaIR@i                     cstackBANK0  000073
taraturaIR@s                     cstackBANK0  000075
taraturaIR@soglia                cstackBANK0  000071


FUNCTION INFORMATION:

 *************** function _main *****************
 Defined at:
		line 46 in file "main.c"
 Parameters:    Size  Location     Type
		None
 Auto vars:     Size  Location     Type
  numLinee        1   48[BANK0 ] unsigned char 
 Return value:  Size  Location     Type
                  1    wreg      void 
 Registers used:
		wreg, status,2, status,0, prodl, prodh, cstack
 Tracked objects:
		On entry : 
		On exit  : 
		Unchanged: 
 Data sizes:     COMRAM   BANK0   BANK1   BANK2
      Params:         0       0       0       0
      Locals:         0       1       0       0
      Temps:          0       0       0       0
      Totals:         0       1       0       0
Total ram usage:        1 bytes
 Hardware stack levels required when called:    6
 This function calls:
		_ADC_GetConversion
		_EPWM1_LoadDutyValue
		_EPWM2_LoadDutyValue
		_InitApp
		_PID_Linea
		_SYSTEM_Initialize
		_abbassaCarrello
		_compara
		_controllaColore
		_delay_mS
		_sollevaCarrello
		_stopM
		_taratura
		_taraturaIR
 This function is called by:
		Startup code after reset
 This function uses a non-reentrant model


 *************** function _taraturaIR *****************
 Defined at:
		line 172 in file "user.c"
 Parameters:    Size  Location     Type
		None
 Auto vars:     Size  Location     Type
  s               2   21[BANK0 ] int 
  i               2   19[BANK0 ] int 
  soglia          2   17[BANK0 ] int 
 Return value:  Size  Location     Type
                  1    wreg      void 
 Registers used:
		wreg, status,2, status,0, prodl, prodh, cstack
 Tracked objects:
		On entry : 
		On exit  : 
		Unchanged: 
 Data sizes:     COMRAM   BANK0   BANK1   BANK2
      Params:         0       0       0       0
      Locals:         0       6       0       0
      Temps:          0       2       0       0
      Totals:         0       8       0       0
Total ram usage:        8 bytes
 Hardware stack levels used:    1
 Hardware stack levels required when called:    4
 This function calls:
		_ADC_GetConversion
		_EPWM1_LoadDutyValue
		_EPWM2_LoadDutyValue
		___ftge
		___lwtoft
		___wmul
		_delay_mS
 This function is called by:
		_main
 This function uses a non-reentrant model


 *************** function ___wmul *****************
 Defined at:
		line 15 in file "/opt/microchip/xc8/v1.41/sources/common/Umul16.c"
 Parameters:    Size  Location     Type
  multiplier      2   31[COMRAM] unsigned int 
  multiplicand    2   33[COMRAM] unsigned int 
 Auto vars:     Size  Location     Type
  product         2   35[COMRAM] unsigned int 
 Return value:  Size  Location     Type
                  2   31[COMRAM] unsigned int 
 Registers used:
		wreg, status,2, status,0, prodl, prodh
 Tracked objects:
		On entry : 
		On exit  : 
		Unchanged: 
 Data sizes:     COMRAM   BANK0   BANK1   BANK2
      Params:         4       0       0       0
      Locals:         2       0       0       0
      Temps:          0       0       0       0
      Totals:         6       0       0       0
Total ram usage:        6 bytes
 Hardware stack levels used:    1
 Hardware stack levels required when called:    2
 This function calls:
		Nothing
 This function is called by:
		_taraturaIR
 This function uses a non-reentrant model


 *************** function ___ftge *****************
 Defined at:
		line 4 in file "/opt/microchip/xc8/v1.41/sources/common/ftge.c"
 Parameters:    Size  Location     Type
  ff1             3    6[BANK0 ] float 
  ff2             3    9[BANK0 ] float 
 Auto vars:     Size  Location     Type
		None
 Return value:  Size  Location     Type
		None               void
 Registers used:
		wreg, status,2, status,0
 Tracked objects:
		On entry : 
		On exit  : 
		Unchanged: 
 Data sizes:     COMRAM   BANK0   BANK1   BANK2
      Params:         0       6       0       0
      Locals:         0       0       0       0
      Temps:          0       3       0       0
      Totals:         0       9       0       0
Total ram usage:        9 bytes
 Hardware stack levels used:    1
 Hardware stack levels required when called:    2
 This function calls:
		Nothing
 This function is called by:
		_taraturaIR
 This function uses a non-reentrant model


 *************** function _taratura *****************
 Defined at:
		line 190 in file "user.c"
 Parameters:    Size  Location     Type
		None
 Auto vars:     Size  Location     Type
  v_sensori       2   11[BANK0 ] unsigned int 
 Return value:  Size  Location     Type
                  1    wreg      void 
 Registers used:
		wreg, status,2, status,0, cstack
 Tracked objects:
		On entry : 
		On exit  : 
		Unchanged: 
 Data sizes:     COMRAM   BANK0   BANK1   BANK2
      Params:         0       0       0       0
      Locals:         0       2       0       0
      Temps:          0       2       0       0
      Totals:         0       4       0       0
Total ram usage:        4 bytes
 Hardware stack levels used:    1
 Hardware stack levels required when called:    4
 This function calls:
		_ADC_GetConversion
		___lwdiv
		_delay_mS
 This function is called by:
		_main
 This function uses a non-reentrant model


 *************** function _stopM *****************
 Defined at:
		line 281 in file "user.c"
 Parameters:    Size  Location     Type
		None
 Auto vars:     Size  Location     Type
		None
 Return value:  Size  Location     Type
                  1    wreg      void 
 Registers used:
		wreg, status,2, status,0, cstack
 Tracked objects:
		On entry : 
		On exit  : 
		Unchanged: 
 Data sizes:     COMRAM   BANK0   BANK1   BANK2
      Params:         0       0       0       0
      Locals:         0       0       0       0
      Temps:          0       1       0       0
      Totals:         0       1       0       0
Total ram usage:        1 bytes
 Hardware stack levels used:    1
 Hardware stack levels required when called:    3
 This function calls:
		_EPWM1_LoadDutyValue
		_EPWM2_LoadDutyValue
 This function is called by:
		_main
 This function uses a non-reentrant model


 *************** function _sollevaCarrello *****************
 Defined at:
		line 311 in file "user.c"
 Parameters:    Size  Location     Type
		None
 Auto vars:     Size  Location     Type
  p               1   32[COMRAM] unsigned char 
 Return value:  Size  Location     Type
                  1    wreg      void 
 Registers used:
		wreg, status,2, status,0
 Tracked objects:
		On entry : 
		On exit  : 
		Unchanged: 
 Data sizes:     COMRAM   BANK0   BANK1   BANK2
      Params:         0       0       0       0
      Locals:         1       0       0       0
      Temps:          1       0       0       0
      Totals:         2       0       0       0
Total ram usage:        2 bytes
 Hardware stack levels used:    1
 Hardware stack levels required when called:    2
 This function calls:
		Nothing
 This function is called by:
		_main
 This function uses a non-reentrant model


 *************** function _controllaColore *****************
 Defined at:
		line 243 in file "user.c"
 Parameters:    Size  Location     Type
		None
 Auto vars:     Size  Location     Type
		None
 Return value:  Size  Location     Type
                  1    wreg      void 
 Registers used:
		wreg, status,2, status,0, cstack
 Tracked objects:
		On entry : 
		On exit  : 
		Unchanged: 
 Data sizes:     COMRAM   BANK0   BANK1   BANK2
      Params:         0       0       0       0
      Locals:         0       0       0       0
      Temps:          0       1       0       0
      Totals:         0       1       0       0
Total ram usage:        1 bytes
 Hardware stack levels used:    1
 Hardware stack levels required when called:    4
 This function calls:
		_ADC_GetConversion
		_delay_mS
 This function is called by:
		_main
 This function uses a non-reentrant model


 *************** function _delay_mS *****************
 Defined at:
		line 383 in file "user.c"
 Parameters:    Size  Location     Type
  m_sec           2    7[BANK0 ] unsigned int 
 Auto vars:     Size  Location     Type
		None
 Return value:  Size  Location     Type
                  1    wreg      void 
 Registers used:
		wreg, status,2, status,0, cstack
 Tracked objects:
		On entry : 
		On exit  : 
		Unchanged: 
 Data sizes:     COMRAM   BANK0   BANK1   BANK2
      Params:         0       2       0       0
      Locals:         0       0       0       0
      Temps:          1       0       0       0
      Totals:         1       2       0       0
Total ram usage:        3 bytes
 Hardware stack levels used:    1
 Hardware stack levels required when called:    3
 This function calls:
		___lwdiv
		_checkBatt
 This function is called by:
		_taraturaIR
		_taratura
		_controllaColore
		_main
 This function uses a non-reentrant model


 *************** function _checkBatt *****************
 Defined at:
		line 298 in file "user.c"
 Parameters:    Size  Location     Type
		None
 Auto vars:     Size  Location     Type
		None
 Return value:  Size  Location     Type
                  1    wreg      void 
 Registers used:
		None
 Tracked objects:
		On entry : 
		On exit  : 
		Unchanged: 
 Data sizes:     COMRAM   BANK0   BANK1   BANK2
      Params:         0       0       0       0
      Locals:         0       0       0       0
      Temps:          0       0       0       0
      Totals:         0       0       0       0
Total ram usage:        0 bytes
 Hardware stack levels used:    1
 Hardware stack levels required when called:    2
 This function calls:
		Nothing
 This function is called by:
		_delay_mS
 This function uses a non-reentrant model


 *************** function ___lwdiv *****************
 Defined at:
		line 8 in file "/opt/microchip/xc8/v1.41/sources/common/lwdiv.c"
 Parameters:    Size  Location     Type
  dividend        2    0[BANK0 ] unsigned int 
  divisor         2    2[BANK0 ] unsigned int 
 Auto vars:     Size  Location     Type
  quotient        2    5[BANK0 ] unsigned int 
  counter         1    4[BANK0 ] unsigned char 
 Return value:  Size  Location     Type
                  2    0[BANK0 ] unsigned int 
 Registers used:
		wreg, status,2, status,0
 Tracked objects:
		On entry : 
		On exit  : 
		Unchanged: 
 Data sizes:     COMRAM   BANK0   BANK1   BANK2
      Params:         0       4       0       0
      Locals:         0       3       0       0
      Temps:          0       0       0       0
      Totals:         0       7       0       0
Total ram usage:        7 bytes
 Hardware stack levels used:    1
 Hardware stack levels required when called:    2
 This function calls:
		Nothing
 This function is called by:
		_taratura
		_delay_mS
 This function uses a non-reentrant model


 *************** function _compara *****************
 Defined at:
		line 66 in file "user.c"
 Parameters:    Size  Location     Type
  valore          2   31[COMRAM] unsigned int 
  soglia          2   33[COMRAM] unsigned int 
  tolleranza      2   35[COMRAM] unsigned int 
 Auto vars:     Size  Location     Type
		None
 Return value:  Size  Location     Type
                  1    wreg      unsigned char 
 Registers used:
		wreg, status,2, status,0
 Tracked objects:
		On entry : 
		On exit  : 
		Unchanged: 
 Data sizes:     COMRAM   BANK0   BANK1   BANK2
      Params:         6       0       0       0
      Locals:         0       1       0       0
      Temps:          0       2       0       0
      Totals:         6       3       0       0
Total ram usage:        9 bytes
 Hardware stack levels used:    1
 Hardware stack levels required when called:    2
 This function calls:
		Nothing
 This function is called by:
		_main
 This function uses a non-reentrant model


 *************** function _abbassaCarrello *****************
 Defined at:
		line 346 in file "user.c"
 Parameters:    Size  Location     Type
		None
 Auto vars:     Size  Location     Type
  p               1   33[COMRAM] unsigned char 
  p               1   32[COMRAM] unsigned char 
 Return value:  Size  Location     Type
                  1    wreg      void 
 Registers used:
		wreg, status,2, status,0
 Tracked objects:
		On entry : 
		On exit  : 
		Unchanged: 
 Data sizes:     COMRAM   BANK0   BANK1   BANK2
      Params:         0       0       0       0
      Locals:         2       0       0       0
      Temps:          1       0       0       0
      Totals:         3       0       0       0
Total ram usage:        3 bytes
 Hardware stack levels used:    1
 Hardware stack levels required when called:    2
 This function calls:
		Nothing
 This function is called by:
		_main
 This function uses a non-reentrant model


 *************** function _SYSTEM_Initialize *****************
 Defined at:
		line 106 in file "mcc_generated_files/mcc.c"
 Parameters:    Size  Location     Type
		None
 Auto vars:     Size  Location     Type
		None
 Return value:  Size  Location     Type
                  1    wreg      void 
 Registers used:
		wreg, status,2, cstack
 Tracked objects:
		On entry : 
		On exit  : 
		Unchanged: 
 Data sizes:     COMRAM   BANK0   BANK1   BANK2
      Params:         0       0       0       0
      Locals:         0       0       0       0
      Temps:          0       0       0       0
      Totals:         0       0       0       0
Total ram usage:        0 bytes
 Hardware stack levels used:    1
 Hardware stack levels required when called:    4
 This function calls:
		_ADC_Initialize
		_CCP4_Initialize
		_EPWM1_Initialize
		_EPWM2_Initialize
		_OSCILLATOR_Initialize
		_PIN_MANAGER_Initialize
		_TMR1_Initialize
		_TMR2_Initialize
 This function is called by:
		_main
 This function uses a non-reentrant model


 *************** function _TMR2_Initialize *****************
 Defined at:
		line 58 in file "mcc_generated_files/tmr2.c"
 Parameters:    Size  Location     Type
		None
 Auto vars:     Size  Location     Type
		None
 Return value:  Size  Location     Type
                  1    wreg      void 
 Registers used:
		wreg, status,2, cstack
 Tracked objects:
		On entry : 
		On exit  : 
		Unchanged: 
 Data sizes:     COMRAM   BANK0   BANK1   BANK2
      Params:         0       0       0       0
      Locals:         0       0       0       0
      Temps:          0       0       0       0
      Totals:         0       0       0       0
Total ram usage:        0 bytes
 Hardware stack levels used:    1
 Hardware stack levels required when called:    3
 This function calls:
		_TMR2_StartTimer
 This function is called by:
		_SYSTEM_Initialize
 This function uses a non-reentrant model


 *************** function _TMR2_StartTimer *****************
 Defined at:
		line 78 in file "mcc_generated_files/tmr2.c"
 Parameters:    Size  Location     Type
		None
 Auto vars:     Size  Location     Type
		None
 Return value:  Size  Location     Type
                  1    wreg      void 
 Registers used:
		None
 Tracked objects:
		On entry : 
		On exit  : 
		Unchanged: 
 Data sizes:     COMRAM   BANK0   BANK1   BANK2
      Params:         0       0       0       0
      Locals:         0       0       0       0
      Temps:          0       0       0       0
      Totals:         0       0       0       0
Total ram usage:        0 bytes
 Hardware stack levels used:    1
 Hardware stack levels required when called:    2
 This function calls:
		Nothing
 This function is called by:
		_TMR2_Initialize
 This function uses a non-reentrant model


 *************** function _TMR1_Initialize *****************
 Defined at:
		line 63 in file "mcc_generated_files/tmr1.c"
 Parameters:    Size  Location     Type
		None
 Auto vars:     Size  Location     Type
		None
 Return value:  Size  Location     Type
                  1    wreg      void 
 Registers used:
		wreg, status,2, cstack
 Tracked objects:
		On entry : 
		On exit  : 
		Unchanged: 
 Data sizes:     COMRAM   BANK0   BANK1   BANK2
      Params:         0       0       0       0
      Locals:         0       0       0       0
      Temps:          0       0       0       0
      Totals:         0       0       0       0
Total ram usage:        0 bytes
 Hardware stack levels used:    1
 Hardware stack levels required when called:    3
 This function calls:
		_TMR1_StartTimer
 This function is called by:
		_SYSTEM_Initialize
 This function uses a non-reentrant model


 *************** function _TMR1_StartTimer *****************
 Defined at:
		line 89 in file "mcc_generated_files/tmr1.c"
 Parameters:    Size  Location     Type
		None
 Auto vars:     Size  Location     Type
		None
 Return value:  Size  Location     Type
                  1    wreg      void 
 Registers used:
		None
 Tracked objects:
		On entry : 
		On exit  : 
		Unchanged: 
 Data sizes:     COMRAM   BANK0   BANK1   BANK2
      Params:         0       0       0       0
      Locals:         0       0       0       0
      Temps:          0       0       0       0
      Totals:         0       0       0       0
Total ram usage:        0 bytes
 Hardware stack levels used:    1
 Hardware stack levels required when called:    2
 This function calls:
		Nothing
 This function is called by:
		_TMR1_Initialize
 This function uses a non-reentrant model


 *************** function _PIN_MANAGER_Initialize *****************
 Defined at:
		line 50 in file "mcc_generated_files/pin_manager.c"
 Parameters:    Size  Location     Type
		None
 Auto vars:     Size  Location     Type
		None
 Return value:  Size  Location     Type
                  1    wreg      void 
 Registers used:
		wreg, status,2
 Tracked objects:
		On entry : 
		On exit  : 
		Unchanged: 
 Data sizes:     COMRAM   BANK0   BANK1   BANK2
      Params:         0       0       0       0
      Locals:         0       0       0       0
      Temps:          0       0       0       0
      Totals:         0       0       0       0
Total ram usage:        0 bytes
 Hardware stack levels used:    1
 Hardware stack levels required when called:    2
 This function calls:
		Nothing
 This function is called by:
		_SYSTEM_Initialize
 This function uses a non-reentrant model


 *************** function _OSCILLATOR_Initialize *****************
 Defined at:
		line 118 in file "mcc_generated_files/mcc.c"
 Parameters:    Size  Location     Type
		None
 Auto vars:     Size  Location     Type
		None
 Return value:  Size  Location     Type
                  1    wreg      void 
 Registers used:
		wreg, status,2
 Tracked objects:
		On entry : 
		On exit  : 
		Unchanged: 
 Data sizes:     COMRAM   BANK0   BANK1   BANK2
      Params:         0       0       0       0
      Locals:         0       0       0       0
      Temps:          0       0       0       0
      Totals:         0       0       0       0
Total ram usage:        0 bytes
 Hardware stack levels used:    1
 Hardware stack levels required when called:    2
 This function calls:
		Nothing
 This function is called by:
		_SYSTEM_Initialize
 This function uses a non-reentrant model


 *************** function _EPWM2_Initialize *****************
 Defined at:
		line 64 in file "mcc_generated_files/epwm2.c"
 Parameters:    Size  Location     Type
		None
 Auto vars:     Size  Location     Type
		None
 Return value:  Size  Location     Type
                  1    wreg      void 
 Registers used:
		wreg, status,2
 Tracked objects:
		On entry : 
		On exit  : 
		Unchanged: 
 Data sizes:     COMRAM   BANK0   BANK1   BANK2
      Params:         0       0       0       0
      Locals:         0       0       0       0
      Temps:          0       0       0       0
      Totals:         0       0       0       0
Total ram usage:        0 bytes
 Hardware stack levels used:    1
 Hardware stack levels required when called:    2
 This function calls:
		Nothing
 This function is called by:
		_SYSTEM_Initialize
 This function uses a non-reentrant model


 *************** function _EPWM1_Initialize *****************
 Defined at:
		line 64 in file "mcc_generated_files/epwm1.c"
 Parameters:    Size  Location     Type
		None
 Auto vars:     Size  Location     Type
		None
 Return value:  Size  Location     Type
                  1    wreg      void 
 Registers used:
		wreg, status,2
 Tracked objects:
		On entry : 
		On exit  : 
		Unchanged: 
 Data sizes:     COMRAM   BANK0   BANK1   BANK2
      Params:         0       0       0       0
      Locals:         0       0       0       0
      Temps:          0       0       0       0
      Totals:         0       0       0       0
Total ram usage:        0 bytes
 Hardware stack levels used:    1
 Hardware stack levels required when called:    2
 This function calls:
		Nothing
 This function is called by:
		_SYSTEM_Initialize
 This function uses a non-reentrant model


 *************** function _CCP4_Initialize *****************
 Defined at:
		line 58 in file "mcc_generated_files/ccp4.c"
 Parameters:    Size  Location     Type
		None
 Auto vars:     Size  Location     Type
		None
 Return value:  Size  Location     Type
                  1    wreg      void 
 Registers used:
		wreg, status,2
 Tracked objects:
		On entry : 
		On exit  : 
		Unchanged: 
 Data sizes:     COMRAM   BANK0   BANK1   BANK2
      Params:         0       0       0       0
      Locals:         0       0       0       0
      Temps:          0       0       0       0
      Totals:         0       0       0       0
Total ram usage:        0 bytes
 Hardware stack levels used:    1
 Hardware stack levels required when called:    2
 This function calls:
		Nothing
 This function is called by:
		_SYSTEM_Initialize
 This function uses a non-reentrant model


 *************** function _ADC_Initialize *****************
 Defined at:
		line 59 in file "mcc_generated_files/adc.c"
 Parameters:    Size  Location     Type
		None
 Auto vars:     Size  Location     Type
		None
 Return value:  Size  Location     Type
                  1    wreg      void 
 Registers used:
		wreg, status,2
 Tracked objects:
		On entry : 
		On exit  : 
		Unchanged: 
 Data sizes:     COMRAM   BANK0   BANK1   BANK2
      Params:         0       0       0       0
      Locals:         0       0       0       0
      Temps:          0       0       0       0
      Totals:         0       0       0       0
Total ram usage:        0 bytes
 Hardware stack levels used:    1
 Hardware stack levels required when called:    2
 This function calls:
		Nothing
 This function is called by:
		_SYSTEM_Initialize
 This function uses a non-reentrant model


 *************** function _PID_Linea *****************
 Defined at:
		line 150 in file "user.c"
 Parameters:    Size  Location     Type
  vel             2   36[BANK0 ] int 
 Auto vars:     Size  Location     Type
  e               3   45[BANK0 ] int 
  deltaV          3   42[BANK0 ] int 
  Ie              3   39[BANK0 ] int 
 Return value:  Size  Location     Type
                  1    wreg      void 
 Registers used:
		wreg, status,2, status,0, cstack
 Tracked objects:
		On entry : 
		On exit  : 
		Unchanged: 
 Data sizes:     COMRAM   BANK0   BANK1   BANK2
      Params:         0       2       0       0
      Locals:         0       9       0       0
      Temps:          0       1       0       0
      Totals:         0      12       0       0
Total ram usage:       12 bytes
 Hardware stack levels used:    1
 Hardware stack levels required when called:    5
 This function calls:
		_ADC_GetConversion
		_EPWM1_LoadDutyValue
		_EPWM2_LoadDutyValue
		___ftadd
		___ftmul
		___ftsub
		___fttol
		___lwtoft
 This function is called by:
		_main
 This function uses a non-reentrant model


 *************** function ___lwtoft *****************
 Defined at:
		line 28 in file "/opt/microchip/xc8/v1.41/sources/common/lwtoft.c"
 Parameters:    Size  Location     Type
  c               2    3[BANK0 ] unsigned int 
 Auto vars:     Size  Location     Type
		None
 Return value:  Size  Location     Type
                  3    3[BANK0 ] float 
 Registers used:
		wreg, status,2, status,0, cstack
 Tracked objects:
		On entry : 
		On exit  : 
		Unchanged: 
 Data sizes:     COMRAM   BANK0   BANK1   BANK2
      Params:         0       3       0       0
      Locals:         0       0       0       0
      Temps:          0       0       0       0
      Totals:         0       3       0       0
Total ram usage:        3 bytes
 Hardware stack levels used:    1
 Hardware stack levels required when called:    3
 This function calls:
		___ftpack
 This function is called by:
		_PID_Linea
		_taraturaIR
 This function uses a non-reentrant model


 *************** function ___fttol *****************
 Defined at:
		line 44 in file "/opt/microchip/xc8/v1.41/sources/common/fttol.c"
 Parameters:    Size  Location     Type
  f1              3   31[COMRAM] float 
 Auto vars:     Size  Location     Type
  lval            4    6[BANK0 ] unsigned long 
  exp1            1   10[BANK0 ] unsigned char 
  sign1           1    5[BANK0 ] unsigned char 
 Return value:  Size  Location     Type
                  4   31[COMRAM] long 
 Registers used:
		wreg, status,2, status,0
 Tracked objects:
		On entry : 
		On exit  : 
		Unchanged: 
 Data sizes:     COMRAM   BANK0   BANK1   BANK2
      Params:         4       0       0       0
      Locals:         0       6       0       0
      Temps:          0       5       0       0
      Totals:         4      11       0       0
Total ram usage:       15 bytes
 Hardware stack levels used:    1
 Hardware stack levels required when called:    2
 This function calls:
		Nothing
 This function is called by:
		_PID_Linea
 This function uses a non-reentrant model


 *************** function ___ftsub *****************
 Defined at:
		line 20 in file "/opt/microchip/xc8/v1.41/sources/common/ftsub.c"
 Parameters:    Size  Location     Type
  f1              3   30[BANK0 ] float 
  f2              3   33[BANK0 ] float 
 Auto vars:     Size  Location     Type
		None
 Return value:  Size  Location     Type
                  3   30[BANK0 ] float 
 Registers used:
		wreg, status,2, status,0, cstack
 Tracked objects:
		On entry : 
		On exit  : 
		Unchanged: 
 Data sizes:     COMRAM   BANK0   BANK1   BANK2
      Params:         0       6       0       0
      Locals:         0       0       0       0
      Temps:          0       0       0       0
      Totals:         0       6       0       0
Total ram usage:        6 bytes
 Hardware stack levels used:    1
 Hardware stack levels required when called:    4
 This function calls:
		___ftadd
 This function is called by:
		_PID_Linea
 This function uses a non-reentrant model


 *************** function ___ftadd *****************
 Defined at:
		line 86 in file "/opt/microchip/xc8/v1.41/sources/common/ftadd.c"
 Parameters:    Size  Location     Type
  f1              3   18[BANK0 ] float 
  f2              3   21[BANK0 ] float 
 Auto vars:     Size  Location     Type
  exp1            1   29[BANK0 ] unsigned char 
  exp2            1   28[BANK0 ] unsigned char 
  sign            1   27[BANK0 ] unsigned char 
 Return value:  Size  Location     Type
                  3   18[BANK0 ] float 
 Registers used:
		wreg, status,2, status,0, cstack
 Tracked objects:
		On entry : 
		On exit  : 
		Unchanged: 
 Data sizes:     COMRAM   BANK0   BANK1   BANK2
      Params:         0       6       0       0
      Locals:         0       3       0       0
      Temps:          0       3       0       0
      Totals:         0      12       0       0
Total ram usage:       12 bytes
 Hardware stack levels used:    1
 Hardware stack levels required when called:    3
 This function calls:
		___ftpack
 This function is called by:
		_PID_Linea
		___ftsub
 This function uses a non-reentrant model


 *************** function ___ftmul *****************
 Defined at:
		line 62 in file "/opt/microchip/xc8/v1.41/sources/common/ftmul.c"
 Parameters:    Size  Location     Type
  f1              3    3[BANK0 ] float 
  f2              3    6[BANK0 ] float 
 Auto vars:     Size  Location     Type
  f3_as_produc    3   13[BANK0 ] unsigned um
  sign            1   17[BANK0 ] unsigned char 
  cntr            1   16[BANK0 ] unsigned char 
  exp             1   12[BANK0 ] unsigned char 
 Return value:  Size  Location     Type
                  3    3[BANK0 ] float 
 Registers used:
		wreg, status,2, status,0, cstack
 Tracked objects:
		On entry : 
		On exit  : 
		Unchanged: 
 Data sizes:     COMRAM   BANK0   BANK1   BANK2
      Params:         0       6       0       0
      Locals:         0       6       0       0
      Temps:          0       3       0       0
      Totals:         0      15       0       0
Total ram usage:       15 bytes
 Hardware stack levels used:    1
 Hardware stack levels required when called:    3
 This function calls:
		___ftpack
 This function is called by:
		_PID_Linea
 This function uses a non-reentrant model


 *************** function ___ftpack *****************
 Defined at:
		line 62 in file "/opt/microchip/xc8/v1.41/sources/common/float.c"
 Parameters:    Size  Location     Type
  arg             3   31[COMRAM] unsigned um
  exp             1   34[COMRAM] unsigned char 
  sign            1   35[COMRAM] unsigned char 
 Auto vars:     Size  Location     Type
		None
 Return value:  Size  Location     Type
                  3   31[COMRAM] float 
 Registers used:
		wreg, status,2, status,0
 Tracked objects:
		On entry : 
		On exit  : 
		Unchanged: 
 Data sizes:     COMRAM   BANK0   BANK1   BANK2
      Params:         5       0       0       0
      Locals:         0       0       0       0
      Temps:          0       3       0       0
      Totals:         5       3       0       0
Total ram usage:        8 bytes
 Hardware stack levels used:    1
 Hardware stack levels required when called:    2
 This function calls:
		Nothing
 This function is called by:
		___ftadd
		___ftmul
		___lwtoft
 This function uses a non-reentrant model


 *************** function _EPWM2_LoadDutyValue *****************
 Defined at:
		line 91 in file "mcc_generated_files/epwm2.c"
 Parameters:    Size  Location     Type
  dutyValue       2   11[BANK0 ] unsigned int 
 Auto vars:     Size  Location     Type
		None
 Return value:  Size  Location     Type
                  1    wreg      void 
 Registers used:
		wreg, status,2, status,0
 Tracked objects:
		On entry : 
		On exit  : 
		Unchanged: 
 Data sizes:     COMRAM   BANK0   BANK1   BANK2
      Params:         0       2       0       0
      Locals:         0       0       0       0
      Temps:          0       2       0       0
      Totals:         0       4       0       0
Total ram usage:        4 bytes
 Hardware stack levels used:    1
 Hardware stack levels required when called:    2
 This function calls:
		Nothing
 This function is called by:
		_PID_Linea
		_taraturaIR
		_stopM
		_main
		_seguiLinea
 This function uses a non-reentrant model


 *************** function _EPWM1_LoadDutyValue *****************
 Defined at:
		line 91 in file "mcc_generated_files/epwm1.c"
 Parameters:    Size  Location     Type
  dutyValue       2   11[BANK0 ] unsigned int 
 Auto vars:     Size  Location     Type
		None
 Return value:  Size  Location     Type
                  1    wreg      void 
 Registers used:
		wreg, status,2, status,0
 Tracked objects:
		On entry : 
		On exit  : 
		Unchanged: 
 Data sizes:     COMRAM   BANK0   BANK1   BANK2
      Params:         0       2       0       0
      Locals:         0       0       0       0
      Temps:          0       2       0       0
      Totals:         0       4       0       0
Total ram usage:        4 bytes
 Hardware stack levels used:    1
 Hardware stack levels required when called:    2
 This function calls:
		Nothing
 This function is called by:
		_PID_Linea
		_taraturaIR
		_stopM
		_main
		_seguiLinea
 This function uses a non-reentrant model


 *************** function _ADC_GetConversion *****************
 Defined at:
		line 105 in file "mcc_generated_files/adc.c"
 Parameters:    Size  Location     Type
  channel         1    wreg     enum E6653
 Auto vars:     Size  Location     Type
  channel         1   35[COMRAM] enum E6653
 Return value:  Size  Location     Type
                  2   31[COMRAM] unsigned int 
 Registers used:
		wreg, status,2, status,0
 Tracked objects:
		On entry : 
		On exit  : 
		Unchanged: 
 Data sizes:     COMRAM   BANK0   BANK1   BANK2
      Params:         2       0       0       0
      Locals:         1       0       0       0
      Temps:          2       0       0       0
      Totals:         5       0       0       0
Total ram usage:        5 bytes
 Hardware stack levels used:    1
 Hardware stack levels required when called:    2
 This function calls:
		Nothing
 This function is called by:
		_PID_Linea
		_taraturaIR
		_taratura
		_controllaColore
		_main
		_seguiLinea
 This function uses a non-reentrant model


 *************** function _InitApp *****************
 Defined at:
		line 37 in file "user.c"
 Parameters:    Size  Location     Type
		None
 Auto vars:     Size  Location     Type
		None
 Return value:  Size  Location     Type
                  1    wreg      void 
 Registers used:
		wreg, status,2
 Tracked objects:
		On entry : 
		On exit  : 
		Unchanged: 
 Data sizes:     COMRAM   BANK0   BANK1   BANK2
      Params:         0       0       0       0
      Locals:         0       0       0       0
      Temps:          0       0       0       0
      Totals:         0       0       0       0
Total ram usage:        0 bytes
 Hardware stack levels used:    1
 Hardware stack levels required when called:    2
 This function calls:
		Nothing
 This function is called by:
		_main
 This function uses a non-reentrant model


 *************** function _low_isr *****************
 Defined at:
		line 67 in file "interrupts.c"
 Parameters:    Size  Location     Type
		None
 Auto vars:     Size  Location     Type
		None
 Return value:  Size  Location     Type
                  1    wreg      void 
 Registers used:
		None
 Tracked objects:
		On entry : 
		On exit  : 
		Unchanged: 
 Data sizes:     COMRAM   BANK0   BANK1   BANK2
      Params:         0       0       0       0
      Locals:         0       0       0       0
      Temps:         17       0       0       0
      Totals:        17       0       0       0
Total ram usage:       17 bytes
 Hardware stack levels used:    1
 Hardware stack levels required when called:    1
 This function calls:
		Nothing
 This function is called by:
		Interrupt level 1
 This function uses a non-reentrant model


 *************** function _high_isr *****************
 Defined at:
		line 27 in file "interrupts.c"
 Parameters:    Size  Location     Type
		None
 Auto vars:     Size  Location     Type
		None
 Return value:  Size  Location     Type
                  1    wreg      void 
 Registers used:
		None
 Tracked objects:
		On entry : 
		On exit  : 
		Unchanged: 
 Data sizes:     COMRAM   BANK0   BANK1   BANK2
      Params:         0       0       0       0
      Locals:         0       0       0       0
      Temps:         14       0       0       0
      Totals:        14       0       0       0
Total ram usage:       14 bytes
 Hardware stack levels used:    1
 This function calls:
		Nothing
 This function is called by:
		Interrupt level 2
 This function uses a non-reentrant model



MODULE INFORMATION

Module		Function		Class		Link	Load	Size
/opt/microchip/xc8/v1.41/sources/common/lwdiv.c
		___lwdiv       		CODE           	109C	0000	121

/opt/microchip/xc8/v1.41/sources/common/lwdiv.c estimated size: 121

/opt/microchip/xc8/v1.41/sources/common/fttol.c
		___fttol       		CODE           	09EA	0000	303

/opt/microchip/xc8/v1.41/sources/common/fttol.c estimated size: 303

mcc_generated_files/tmr2.c
		_TMR2_Initialize		CODE           	14F6	0000	19
		_TMR2_StartTimer		CODE           	151A	0000	5

mcc_generated_files/tmr2.c estimated size: 24

interrupts.c
		_high_isr      		CODE           	0008	0000	123
		_low_isr       		CODE           	0018	0000	143

interrupts.c estimated size: 266

mcc_generated_files/epwm2.c
		_EPWM2_LoadDutyValue		CODE           	1304	0000	61
		_EPWM2_Initialize		CODE           	1468	0000	33

mcc_generated_files/epwm2.c estimated size: 94

/opt/microchip/xc8/v1.41/sources/common/ftadd.c
		___ftadd       		CODE           	044A	0000	617

/opt/microchip/xc8/v1.41/sources/common/ftadd.c estimated size: 617

mcc_generated_files/pin_manager.c
		_PIN_MANAGER_Initialize		CODE           	137C	0000	49

mcc_generated_files/pin_manager.c estimated size: 49

/opt/microchip/xc8/v1.41/sources/common/lwtoft.c
		___lwtoft      		CODE           	1402	0000	37

/opt/microchip/xc8/v1.41/sources/common/lwtoft.c estimated size: 37

/opt/microchip/xc8/v1.41/sources/common/ftge.c
		___ftge        		CODE           	0CFA	0000	201

/opt/microchip/xc8/v1.41/sources/common/ftge.c estimated size: 201

mcc_generated_files/ccp4.c
		_CCP4_Initialize		CODE           	14C6	0000	27

mcc_generated_files/ccp4.c estimated size: 27

mcc_generated_files/adc.c
		_ADC_Initialize		CODE           	14E0	0000	23
		_ADC_GetConversion		CODE           	13AC	0000	49

mcc_generated_files/adc.c estimated size: 72

/opt/microchip/xc8/v1.41/sources/common/ftsub.c
		___ftsub       		CODE           	1234	0000	77

/opt/microchip/xc8/v1.41/sources/common/ftsub.c estimated size: 77

/opt/microchip/xc8/v1.41/sources/common/float.c
		___ftpack      		CODE           	0DC2	0000	199

/opt/microchip/xc8/v1.41/sources/common/float.c estimated size: 199

shared
		__initialization		CODE           	1280	0000	55

shared estimated size: 55

mcc_generated_files/mcc.c
		_OSCILLATOR_Initialize		CODE           	1508	0000	15
		_SYSTEM_Initialize		CODE           	1426	0000	35

mcc_generated_files/mcc.c estimated size: 50

mcc_generated_files/tmr1.c
		_TMR1_Initialize		CODE           	1448	0000	33
		_TMR1_StartTimer		CODE           	151E	0000	5

mcc_generated_files/tmr1.c estimated size: 38

mcc_generated_files/epwm1.c
		_EPWM1_LoadDutyValue		CODE           	1340	0000	61
		_EPWM1_Initialize		CODE           	1488	0000	33

mcc_generated_files/epwm1.c estimated size: 94

user.c
		_checkBatt     		CODE           	1522	0000	3
		_taratura      		CODE           	0E88	0000	193
		_taraturaIR    		CODE           	0B18	0000	275
		_abbassaCarrello		CODE           	0FF2	0000	171
		_stopM         		CODE           	12C4	0000	65
		_PID_Linea     		CODE           	06B2	0000	475
		_InitApp       		CODE           	14A8	0000	31
		_compara       		CODE           	1188	0000	97
		_delay_mS      		CODE           	11E8	0000	77
		_controllaColore		CODE           	0C2A	0000	209
		_sollevaCarrello		CODE           	0F48	0000	171

user.c estimated size: 1767

/opt/microchip/xc8/v1.41/sources/common/Umul16.c
		___wmul        		CODE           	13DC	0000	39

/opt/microchip/xc8/v1.41/sources/common/Umul16.c estimated size: 39

main.c
		_main          		CODE           	00AA	0000	929

main.c estimated size: 929

/opt/microchip/xc8/v1.41/sources/common/ftmul.c
		___ftmul       		CODE           	088C	0000	351

/opt/microchip/xc8/v1.41/sources/common/ftmul.c estimated size: 351

