Microchip MPLAB XC8 Compiler V1.35 ()

Linker command line:

--edf=C:\Program Files (x86)\Microchip\xc8\v1.35\dat\en_msgs.txt -cs \
  -h+dist/XC8_18F87K22/production\Romulo.x.production.sym \
  --cmf=dist/XC8_18F87K22/production\Romulo.x.production.cmf -z -Q18F24K22 \
  -oC:\Users\Simone\AppData\Local\Temp\s2bc.2 \
  -Mdist/XC8_18F87K22/production/Romulo.x.production.map -E1 -ver=XC8 \
  -ASTACK=086h-02ffh -pstack=STACK -ACODE=00h-03FFFh -ACONST=00h-03FFFh \
  -ASMALLCONST=0300h-03FFhx61 -AMEDIUMCONST=0300h-03FFFh -ACOMRAM=01h-05Fh \
  -AABS1=00h-02FFh -ABIGRAM=01h-02FFh -ARAM=060h-0FFh,0100h-01FFhx2 \
  -ABANK0=060h-0FFh -ABANK1=0100h-01FFh -ABANK2=0200h-02FFh \
  -ASFR=0F38h-0F5Fh,0F60h-0FFFh \
  -preset_vec=00h,intcode=08h,intcodelo=018h,powerup,init,end_init \
  -pramtop=0300h -psmallconst=SMALLCONST -pmediumconst=MEDIUMCONST \
  -pconst=CONST -AFARRAM=00h-00h -ACONFIG=0300000h-030000Dh -pconfig=CONFIG \
  -AIDLOC=0200000h-0200007h -pidloc=IDLOC -AEEDATA=0F00000h-0F000FFh \
  -peeprom_data=EEDATA \
  -prdata=COMRAM,nvrram=COMRAM,nvbit=COMRAM,rbss=COMRAM,rbit=COMRAM \
  -pfarbss=FARRAM,fardata=FARRAM,nvFARRAM=FARRAM \
  -pintsave_regs=BIGRAM,bigbss=BIGRAM,bigdata=BIGRAM -pbss=RAM \
  -pidata=CODE,irdata=CODE,ibigdata=CODE,ifardata=CODE -prparam=COMRAM \
  C:\Users\Simone\AppData\Local\Temp\s2bc.obj \
  dist/XC8_18F87K22/production\Romulo.x.production.obj 

Object code version is 3.11

Machine type is 18F24K22

Call graph: (short form)




                Name                               Link     Load   Length Selector   Space Scale
C:\Users\Simone\AppData\Local\Temp\s2bc.obj
                end_init                             A6       A6        4        C       0
                reset_vec                             0        0        4        0       0
                idloc                            200000   200000        8   200000       0
                config                           300000   300000        E   300000       0
dist/XC8_18F87K22/production\Romulo.x.production.obj
                intcodelo                            18       18       8E        C       0
                intcode                               8        8       84        4       0
                temp                                 3D       3D        1        1       1
                text25                              C00      C00       12        C       0
                intcode_body                        90E      90E       AA        C       0
                text21                              BA0      BA0       1E        C       0
                text20                              BD8      BD8       16        C       0
                text19                              BBE      BBE       1A        C       0
                text18                              B80      B80       20        C       0
                text17                              B60      B60       20        C       0
                text16                              C12      C12        E        C       0
                text15                              AEE      AEE       30        C       0
                text14                              C28      C28        4        C       0
                text13                              B40      B40       20        C       0
                text12                              C24      C24        4        C       0
                text11                              BEE      BEE       12        C       0
                text10                              B1E      B1E       22        C       0
                text9                               84C      84C       C2        C       0
                text8                               9FA      9FA       40        C       0
                text7                               50C      50C      160        C       0
                text6                               AB2      AB2       3C        C       0
                text5                               A76      A76       3C        C       0
                text4                               C2C      C2C        2        C       0
                text3                               66C      66C      11E        C       0
                text2                               78A      78A       C2        C       0
                text1                               A3A      A3A       3C        C       0
                text0                                AA       AA      462        C       0
                cstackCOMRAM                          1        1       32        1       1
                cstackBANK0                          60       60       16       60       1
                dataBANK0                            80       80        4       60       1
                bssBANK0                             76       76        A       60       1
                bssCOMRAM                            33       33        8        1       1
                cinit                               9B8      9B8       42        C       0
                nvBANK0                              84       84        2       60       1
                nvCOMRAM                             3B       3B        2        1       1
                idataBANK0                          C20      C20        4        C       0

TOTAL           Name                               Link     Load   Length     Space
        CLASS   STACK          

        CLASS   CODE           
                end_init                             A6       A6        4         0
                intcodelo                            18       18       8E         0
                intcode                               8        8       84         0
                reset_vec                             0        0        4         0
                text25                              C00      C00       12         0
                intcode_body                        90E      90E       AA         0
                text21                              BA0      BA0       1E         0
                text20                              BD8      BD8       16         0
                text19                              BBE      BBE       1A         0
                text18                              B80      B80       20         0
                text17                              B60      B60       20         0
                text16                              C12      C12        E         0
                text15                              AEE      AEE       30         0
                text14                              C28      C28        4         0
                text13                              B40      B40       20         0
                text12                              C24      C24        4         0
                text11                              BEE      BEE       12         0
                text10                              B1E      B1E       22         0
                text9                               84C      84C       C2         0
                text8                               9FA      9FA       40         0
                text7                               50C      50C      160         0
                text6                               AB2      AB2       3C         0
                text5                               A76      A76       3C         0
                text4                               C2C      C2C        2         0
                text3                               66C      66C      11E         0
                text2                               78A      78A       C2         0
                text1                               A3A      A3A       3C         0
                text0                                AA       AA      462         0
                cinit                               9B8      9B8       42         0
                idataBANK0                          C20      C20        4         0

        CLASS   CONST          

        CLASS   SMALLCONST     

        CLASS   MEDIUMCONST    

        CLASS   COMRAM         
                temp                                 3D       3D        1         1
                cstackCOMRAM                          1        1       32         1
                bssCOMRAM                            33       33        8         1
                nvCOMRAM                             3B       3B        2         1

        CLASS   ABS1           

        CLASS   BIGRAM         

        CLASS   RAM            

        CLASS   BANK0          
                cstackBANK0                          60       60       16         1
                dataBANK0                            80       80        4         1
                bssBANK0                             76       76        A         1
                nvBANK0                              84       84        2         1

        CLASS   BANK1          

        CLASS   BANK2          

        CLASS   SFR            

        CLASS   FARRAM         

        CLASS   CONFIG         
                config                           300000   300000        E         0

        CLASS   IDLOC          
                idloc                            200000   200000        8         0

        CLASS   EEDATA         



SEGMENTS        Name                           Load    Length   Top    Selector   Space  Class

                reset_vec                      000000  000004  000004         0       0  CODE    
                cstackCOMRAM                   000001  00003D  00003E         1       1  COMRAM  
                intcode                        000008  000084  00008C         4       0  CODE    
                intcodelo                      000018  000C16  000C2E         C       0  CODE    
                cstackBANK0                    000060  000026  000086        60       1  BANK0   
                idloc                          200000  000008  200008    200000       0  IDLOC   
                config                         300000  00000E  30000E    300000       0  CONFIG  


UNUSED ADDRESS RANGES

        Name                Unused          Largest block    Delta
        BANK0            000086-0000FF               7A
        BANK1            000100-0001FF              100
        BANK2            000200-0002FF              100
        BIGRAM           00003E-00005F               22
                         000086-0002FF              27A
        CODE             000004-000007                4
                         000C2E-003FFF             33D2
        COMRAM           00003E-00005F               22
        CONST            000004-000007                4
                         000C2E-003FFF             33D2
        EEDATA           F00000-F000FF              100
        MEDIUMCONST      000C2E-003FFF             33D2
        RAM              000086-0002FF              100
        SFR              000F38-000FFF               28
        SMALLCONST       000C2E-003FFF              100
        STACK            000086-0002FF              27A

                                  Symbol Table

?_ADC_GetConversion               cstackBANK0  000060
ADC_GetConversion@channel         cstackBANK0  000064
CCP4_SetCompareCount@compareCount cstackCOMRAM 000020
CCP4_SetCompareCount@module       cstackCOMRAM 000022
EPWM1_LoadDutyValue@dutyValue     cstackBANK0  000060
EPWM2_LoadDutyValue@dutyValue     cstackBANK0  000060
_ADCON0                           (abs)        000FC2
_ADCON0bits                       (abs)        000FC2
_ADCON1                           (abs)        000FC1
_ADCON2                           (abs)        000FC0
_ADC_GetConversion                text8        0009FA
_ADC_Initialize                   text20       000BD8
_ADRESH                           (abs)        000FC4
_ADRESL                           (abs)        000FC3
_ANSELA                           (abs)        000F38
_ANSELB                           (abs)        000F39
_ANSELC                           (abs)        000F3A
_CCP1CON                          (abs)        000FBD
_CCP2CON                          (abs)        000F66
_CCP4CON                          (abs)        000F57
_CCP4_Initialize                  text19       000BBE
_CCP4_SetCompareCount             text25       000C00
_CCPR1H                           (abs)        000FBF
_CCPR1L                           (abs)        000FBE
_CCPR2H                           (abs)        000F68
_CCPR2L                           (abs)        000F67
_CCPR4H                           (abs)        000F59
_CCPR4L                           (abs)        000F58
_CCPTMRS0bits                     (abs)        000F49
_CCPTMRS1bits                     (abs)        000F48
_ECCP1AS                          (abs)        000FB6
_ECCP2AS                          (abs)        000F64
_EPWM1_Initialize                 text18       000B80
_EPWM1_LoadDutyValue              text6        000AB2
_EPWM2_Initialize                 text17       000B60
_EPWM2_LoadDutyValue              text5        000A76
_GIEH                             (abs)        007F97
_INT1IE                           (abs)        007F83
_INT1IF                           (abs)        007F80
_INT1IP                           (abs)        007F86
_INTCON2bits                      (abs)        000FF1
_INTCONbits                       (abs)        000FF2
_INTEDG1                          (abs)        007F8D
_InitApp                          text21       000BA0
_LATA                             (abs)        000F89
_LATA0                            (abs)        007C48
_LATA1                            (abs)        007C49
_LATA2                            (abs)        007C4A
_LATA3                            (abs)        007C4B
_LATA4                            (abs)        007C4C
_LATB                             (abs)        000F8A
_LATC                             (abs)        000F8B
_LATC0                            (abs)        007C58
_LATC3                            (abs)        007C5B
_LATC4                            (abs)        007C5C
_LATC5                            (abs)        007C5D
_LATC6                            (abs)        007C5E
_LATC7                            (abs)        007C5F
_OSCCON                           (abs)        000FD3
_OSCCON2                          (abs)        000FD2
_OSCILLATOR_Initialize            text16       000C12
_OSCTUNE                          (abs)        000F9B
_PIN_MANAGER_Initialize           text15       000AEE
_PIR1bits                         (abs)        000F9E
_PIR4bits                         (abs)        000F7B
_PR2                              (abs)        000FBB
_PSTR1CON                         (abs)        000FB9
_PSTR2CON                         (abs)        000F63
_PWM1CON                          (abs)        000FB7
_PWM2CON                          (abs)        000F65
_SYSTEM_Initialize                text10       000B1E
_T1CON                            (abs)        000FCD
_T1CONbits                        (abs)        000FCD
_T1GCON                           (abs)        000FCC
_T1GCONbits                       (abs)        000FCC
_T2CON                            (abs)        000FBA
_T2CONbits                        (abs)        000FBA
_TMR1                             (abs)        000FCE
_TMR1H                            (abs)        000FCF
_TMR1L                            (abs)        000FCE
_TMR1_Initialize                  text13       000B40
_TMR1_StartTimer                  text14       000C28
_TMR2                             (abs)        000FBC
_TMR2_Initialize                  text11       000BEE
_TMR2_StartTimer                  text12       000C24
_TRISA                            (abs)        000F92
_TRISAbits                        (abs)        000F92
_TRISB                            (abs)        000F93
_TRISBbits                        (abs)        000F93
_TRISC                            (abs)        000F94
_V_batt                           bssCOMRAM    000033
_V_frontale                       bssCOMRAM    000035
_V_posteriore                     bssCOMRAM    000037
_V_pulsantiera                    nvBANK0      000084
_WPUB                             (abs)        000F61
__CFG_BOREN$SBORDIS               (abs)        000000
__CFG_BORV$190                    (abs)        000000
__CFG_CCP2MX$PORTC1               (abs)        000000
__CFG_CCP3MX$PORTB5               (abs)        000000
__CFG_CP0$OFF                     (abs)        000000
__CFG_CP1$OFF                     (abs)        000000
__CFG_CPB$OFF                     (abs)        000000
__CFG_CPD$OFF                     (abs)        000000
__CFG_DEBUG$OFF                   (abs)        000000
__CFG_EBTR0$OFF                   (abs)        000000
__CFG_EBTR1$OFF                   (abs)        000000
__CFG_EBTRB$OFF                   (abs)        000000
__CFG_FCMEN$OFF                   (abs)        000000
__CFG_FOSC$INTIO67                (abs)        000000
__CFG_HFOFST$ON                   (abs)        000000
__CFG_IESO$OFF                    (abs)        000000
__CFG_LVP$OFF                     (abs)        000000
__CFG_MCLRE$EXTMCLR               (abs)        000000
__CFG_P2BMX$PORTB5                (abs)        000000
__CFG_PBADEN$ON                   (abs)        000000
__CFG_PLLCFG$OFF                  (abs)        000000
__CFG_PRICLKEN$OFF                (abs)        000000
__CFG_PWRTEN$OFF                  (abs)        000000
__CFG_STVREN$ON                   (abs)        000000
__CFG_T3CMX$PORTC0                (abs)        000000
__CFG_WDTEN$OFF                   (abs)        000000
__CFG_WDTPS$32768                 (abs)        000000
__CFG_WRT0$OFF                    (abs)        000000
__CFG_WRT1$OFF                    (abs)        000000
__CFG_WRTB$OFF                    (abs)        000000
__CFG_WRTC$OFF                    (abs)        000000
__CFG_WRTD$OFF                    (abs)        000000
__CFG_XINST$OFF                   (abs)        000000
__HRAM                            (abs)        000000
__Habs1                           abs1         000000
__Hbank0                          bank0        000000
__Hbank1                          bank1        000000
__Hbank2                          bank2        000000
__Hbigbss                         bigbss       000000
__Hbigdata                        bigdata      000000
__Hbigram                         bigram       000000
__Hbss                            bss          000000
__HbssBANK0                       bssBANK0     000000
__HbssCOMRAM                      bssCOMRAM    000000
__Hcinit                          cinit        000000
__Hclrtext                        clrtext      000000
__Hcomram                         comram       000000
__Hconfig                         config       30000E
__Hconst                          const        000000
__HcstackBANK0                    cstackBANK0  000000
__HcstackCOMRAM                   cstackCOMRAM 000000
__Hdata                           data         000000
__HdataBANK0                      dataBANK0    000000
__Heeprom_data                    eeprom_data  000000
__Hend_init                       end_init     0000AA
__Hfarbss                         farbss       000000
__Hfardata                        fardata      000000
__Hibigdata                       ibigdata     000000
__Hidata                          idata        000000
__HidataBANK0                     idataBANK0   000000
__Hidloc                          idloc        200008
__Hifardata                       ifardata     000000
__Hinit                           init         0000A6
__Hintcode                        intcode      00008C
__Hintcode_body                   intcode_body 000000
__Hintcodelo                      intcodelo    0000A6
__Hintentry                       intentry     000000
__Hintret                         intret       000000
__Hintsave_regs                   intsave_regs 000000
__Hirdata                         irdata       000000
__Hmediumconst                    mediumconst  000000
__HnvBANK0                        nvBANK0      000000
__HnvCOMRAM                       nvCOMRAM     000000
__HnvFARRAM                       nvFARRAM     000000
__Hnvbit                          nvbit        000000
__Hnvrram                         nvrram       000000
__Hparam                          rparam       000000
__Hpowerup                        powerup      0000A6
__Hram                            ram          000000
__Hramtop                         ramtop       000300
__Hrbit                           rbit         000000
__Hrbss                           rbss         000000
__Hrdata                          rdata        000000
__Hreset_vec                      reset_vec    000004
__Hrparam                         rparam       000000
__Hsfr                            sfr          000000
__Hsmallconst                     smallconst   000000
__Hspace_0                        (abs)        30000E
__Hspace_1                        (abs)        000086
__Hspace_2                        (abs)        000000
__Hstack                          stack        000000
__Hstruct                         struct       000000
__Htemp                           temp         00003E
__Htext                           text         000000
__Htext0                          text0        000000
__Htext1                          text1        000000
__Htext10                         text10       000000
__Htext11                         text11       000000
__Htext12                         text12       000000
__Htext13                         text13       000000
__Htext14                         text14       000000
__Htext15                         text15       000000
__Htext16                         text16       000000
__Htext17                         text17       000000
__Htext18                         text18       000000
__Htext19                         text19       000000
__Htext2                          text2        000000
__Htext20                         text20       000000
__Htext21                         text21       000000
__Htext25                         text25       000000
__Htext3                          text3        000000
__Htext4                          text4        000000
__Htext5                          text5        000000
__Htext6                          text6        000000
__Htext7                          text7        000000
__Htext8                          text8        000000
__Htext9                          text9        000000
__LRAM                            (abs)        000001
__Labs1                           abs1         000000
__Lbank0                          bank0        000000
__Lbank1                          bank1        000000
__Lbank2                          bank2        000000
__Lbigbss                         bigbss       000000
__Lbigdata                        bigdata      000000
__Lbigram                         bigram       000000
__Lbss                            bss          000000
__LbssBANK0                       bssBANK0     000000
__LbssCOMRAM                      bssCOMRAM    000000
__Lcinit                          cinit        000000
__Lclrtext                        clrtext      000000
__Lcomram                         comram       000000
__Lconfig                         config       300000
__Lconst                          const        000000
__LcstackBANK0                    cstackBANK0  000000
__LcstackCOMRAM                   cstackCOMRAM 000000
__Ldata                           data         000000
__LdataBANK0                      dataBANK0    000000
__Leeprom_data                    eeprom_data  000000
__Lend_init                       end_init     0000A6
__Lfarbss                         farbss       000000
__Lfardata                        fardata      000000
__Libigdata                       ibigdata     000000
__Lidata                          idata        000000
__LidataBANK0                     idataBANK0   000000
__Lidloc                          idloc        200000
__Lifardata                       ifardata     000000
__Linit                           init         0000A6
__Lintcode                        intcode      000008
__Lintcode_body                   intcode_body 000000
__Lintcodelo                      intcodelo    000018
__Lintentry                       intentry     000000
__Lintret                         intret       000000
__Lintsave_regs                   intsave_regs 000000
__Lirdata                         irdata       000000
__Lmediumconst                    mediumconst  000000
__LnvBANK0                        nvBANK0      000000
__LnvCOMRAM                       nvCOMRAM     000000
__LnvFARRAM                       nvFARRAM     000000
__Lnvbit                          nvbit        000000
__Lnvrram                         nvrram       000000
__Lparam                          rparam       000000
__Lpowerup                        powerup      0000A6
__Lram                            ram          000000
__Lramtop                         ramtop       000300
__Lrbit                           rbit         000000
__Lrbss                           rbss         000000
__Lrdata                          rdata        000000
__Lreset_vec                      reset_vec    000000
__Lrparam                         rparam       000000
__Lsfr                            sfr          000000
__Lsmallconst                     smallconst   000000
__Lspace_0                        (abs)        000000
__Lspace_1                        (abs)        000000
__Lspace_2                        (abs)        000000
__Lstack                          stack        000000
__Lstruct                         struct       000000
__Ltemp                           temp         00003D
__Ltext                           text         000000
__Ltext0                          text0        000000
__Ltext1                          text1        000000
__Ltext10                         text10       000000
__Ltext11                         text11       000000
__Ltext12                         text12       000000
__Ltext13                         text13       000000
__Ltext14                         text14       000000
__Ltext15                         text15       000000
__Ltext16                         text16       000000
__Ltext17                         text17       000000
__Ltext18                         text18       000000
__Ltext19                         text19       000000
__Ltext2                          text2        000000
__Ltext20                         text20       000000
__Ltext21                         text21       000000
__Ltext25                         text25       000000
__Ltext3                          text3        000000
__Ltext4                          text4        000000
__Ltext5                          text5        000000
__Ltext6                          text6        000000
__Ltext7                          text7        000000
__Ltext8                          text8        000000
__Ltext9                          text9        000000
__S0                              (abs)        30000E
__S1                              (abs)        000086
__S2                              (abs)        000000
___inthi_sp                       stack        000000
___intlo_sp                       stack        000000
___param_bank                     (abs)        000010
___rparam_used                    (abs)        000001
___sp                             stack        000000
__accesstop                       (abs)        000060
__activetblptr                    (abs)        000000
__end_of_ADC_GetConversion        text8        000A3A
__end_of_ADC_Initialize           text20       000BEE
__end_of_CCP4_Initialize          text19       000BD8
__end_of_CCP4_SetCompareCount     text25       000C12
__end_of_EPWM1_Initialize         text18       000BA0
__end_of_EPWM1_LoadDutyValue      text6        000AEE
__end_of_EPWM2_Initialize         text17       000B80
__end_of_EPWM2_LoadDutyValue      text5        000AB2
__end_of_InitApp                  text21       000BBE
__end_of_OSCILLATOR_Initialize    text16       000C20
__end_of_PIN_MANAGER_Initialize   text15       000B1E
__end_of_SYSTEM_Initialize        text10       000B40
__end_of_TMR1_Initialize          text13       000B60
__end_of_TMR1_StartTimer          text14       000C2C
__end_of_TMR2_Initialize          text11       000C00
__end_of_TMR2_StartTimer          text12       000C28
__end_of__initialization          cinit        0009F0
__end_of_abbassaCarrello          text9        00090E
__end_of_checkBatt                text4        000C2E
__end_of_controllaColore          text7        00066C
__end_of_high_isr                 intcode      00007E
__end_of_low_isr                  intcodelo    0000A6
__end_of_main                     text0        00050C
__end_of_seguiLinea               text3        00078A
__end_of_sollevaCarrello          text2        00084C
__end_of_stop                     intcode_body 0009B8
__end_of_stopM                    text1        000A76
__initialization                  cinit        0009B8
__mediumconst                     mediumconst  000000
__pbssBANK0                       bssBANK0     000076
__pbssCOMRAM                      bssCOMRAM    000033
__pcinit                          cinit        0009B8
__pcstackBANK0                    cstackBANK0  000060
__pcstackCOMRAM                   cstackCOMRAM 000001
__pdataBANK0                      dataBANK0    000080
__pidataBANK0                     idataBANK0   000C20
__pintcode                        intcode      000008
__pintcode_body                   intcode_body 00090E
__pintcodelo                      intcodelo    000018
__pnvBANK0                        nvBANK0      000084
__pnvCOMRAM                       nvCOMRAM     00003B
__ptext0                          text0        0000AA
__ptext1                          text1        000A3A
__ptext10                         text10       000B1E
__ptext11                         text11       000BEE
__ptext12                         text12       000C24
__ptext13                         text13       000B40
__ptext14                         text14       000C28
__ptext15                         text15       000AEE
__ptext16                         text16       000C12
__ptext17                         text17       000B60
__ptext18                         text18       000B80
__ptext19                         text19       000BBE
__ptext2                          text2        00078A
__ptext20                         text20       000BD8
__ptext21                         text21       000BA0
__ptext25                         text25       000C00
__ptext3                          text3        00066C
__ptext4                          text4        000C2C
__ptext5                          text5        000A76
__ptext6                          text6        000AB2
__ptext7                          text7        00050C
__ptext8                          text8        0009FA
__ptext9                          text9        00084C
__ramtop                          ramtop       000300
__size_of_ADC_GetConversion       (abs)        000000
__size_of_ADC_Initialize          (abs)        000000
__size_of_CCP4_Initialize         (abs)        000000
__size_of_CCP4_SetCompareCount    (abs)        000000
__size_of_EPWM1_Initialize        (abs)        000000
__size_of_EPWM1_LoadDutyValue     (abs)        000000
__size_of_EPWM2_Initialize        (abs)        000000
__size_of_EPWM2_LoadDutyValue     (abs)        000000
__size_of_InitApp                 (abs)        000000
__size_of_OSCILLATOR_Initialize   (abs)        000000
__size_of_PIN_MANAGER_Initialize  (abs)        000000
__size_of_SYSTEM_Initialize       (abs)        000000
__size_of_TMR1_Initialize         (abs)        000000
__size_of_TMR1_StartTimer         (abs)        000000
__size_of_TMR2_Initialize         (abs)        000000
__size_of_TMR2_StartTimer         (abs)        000000
__size_of_abbassaCarrello         (abs)        000000
__size_of_checkBatt               (abs)        000000
__size_of_controllaColore         (abs)        000000
__size_of_high_isr                (abs)        000000
__size_of_low_isr                 (abs)        000000
__size_of_main                    (abs)        000000
__size_of_seguiLinea              (abs)        000000
__size_of_sollevaCarrello         (abs)        000000
__size_of_stop                    (abs)        000000
__size_of_stopM                   (abs)        000000
__smallconst                      smallconst   000000
_abbassaCarrello                  text9        00084C
_bluPC                            bssBANK0     000076
_checkBatt                        text4        000C2C
_colore                           bssBANK0     00007E
_controllaColore                  text7        00050C
_deltaV                           bssBANK0     000078
_goal_color                       bssBANK0     00007F
_high_isr                         intcode      000008
_i                                bssCOMRAM    000039
_low_isr                          intcodelo    000018
_main                             text0        0000AA
_rossoPC                          bssBANK0     00007A
_seguiLinea                       text3        00066C
_sollevaCarrello                  text2        00078A
_stop                             intcode      00007E
_stopM                            text1        000A3A
_timer1ReloadVal                  nvCOMRAM     00003B
_vel_DX                           dataBANK0    000080
_vel_SX                           dataBANK0    000082
_verdePC                          bssBANK0     00007C
abbassaCarrello@p                 cstackBANK0  000061
abbassaCarrello@p_774             cstackBANK0  000062
btemp                             temp         00003D
controllaColore@i                 cstackBANK0  000066
controllaColore@i_763             cstackBANK0  000067
controllaColore@i_764             cstackBANK0  000068
end_of_initialization             cinit        0009F0
int$flags                         temp         00003D
int_func                          intcode_body 00090E
intlevel0                         text         000000
intlevel1                         text         000000
intlevel2                         text         000000
intlevel3                         text         000000
main@T                            cstackBANK0  00006E
main@T_969                        cstackBANK0  000072
main@T_970                        cstackBANK0  000073
main@T_972                        cstackBANK0  000074
main@T_975                        cstackBANK0  000075
main@T_976                        cstackBANK0  000070
main@numLinee                     cstackBANK0  00006A
main@t                            cstackBANK0  00006B
main@t_968                        cstackBANK0  00006C
main@t_973                        cstackBANK0  00006D
seguiLinea@T                      cstackBANK0  000066
sollevaCarrello@p                 cstackBANK0  000061
stackhi                           (abs)        0002FF
stacklo                           (abs)        000086
start                             init         0000A6
start_initialization              cinit        0009B8


FUNCTION INFORMATION:

 *************** function _main *****************
 Defined at:
		line 45 in file "main.c"
 Parameters:    Size  Location     Type
		None
 Auto vars:     Size  Location     Type
  t               1   12[BANK0 ] unsigned char 
  t               1   13[BANK0 ] unsigned char 
  t               1   11[BANK0 ] unsigned char 
  T               2   16[BANK0 ] unsigned int 
  T               1   21[BANK0 ] unsigned char 
  T               1   20[BANK0 ] unsigned char 
  T               1   19[BANK0 ] unsigned char 
  T               1   18[BANK0 ] unsigned char 
  T               2   14[BANK0 ] unsigned int 
  numLinee        1   10[BANK0 ] unsigned char 
 Return value:  Size  Location     Type
		None               void
 Registers used:
		wreg, status,2, status,0, cstack
 Tracked objects:
		On entry : 
		On exit  : 
		Unchanged: 
 Data sizes:     COMRAM   BANK0   BANK1   BANK2
      Params:         0       0       0       0
      Locals:         0      12       0       0
      Temps:          0       1       0       0
      Totals:         0      13       0       0
Total ram usage:       13 bytes
 Hardware stack levels required when called:    6
 This function calls:
		_ADC_GetConversion
		_EPWM1_LoadDutyValue
		_EPWM2_LoadDutyValue
		_InitApp
		_OSCILLATOR_Initialize
		_SYSTEM_Initialize
		_abbassaCarrello
		_checkBatt
		_controllaColore
		_seguiLinea
		_sollevaCarrello
		_stopM
 This function is called by:
		Startup code after reset
 This function uses a non-reentrant model


 *************** function _stopM *****************
 Defined at:
		line 166 in file "user.c"
 Parameters:    Size  Location     Type
		None
 Auto vars:     Size  Location     Type
		None
 Return value:  Size  Location     Type
		None               void
 Registers used:
		wreg, status,2, status,0, cstack
 Tracked objects:
		On entry : 
		On exit  : 
		Unchanged: 
 Data sizes:     COMRAM   BANK0   BANK1   BANK2
      Params:         0       0       0       0
      Locals:         0       0       0       0
      Temps:          0       1       0       0
      Totals:         0       1       0       0
Total ram usage:        1 bytes
 Hardware stack levels used:    1
 Hardware stack levels required when called:    4
 This function calls:
		_EPWM1_LoadDutyValue
		_EPWM2_LoadDutyValue
 This function is called by:
		_main
 This function uses a non-reentrant model


 *************** function _sollevaCarrello *****************
 Defined at:
		line 196 in file "user.c"
 Parameters:    Size  Location     Type
		None
 Auto vars:     Size  Location     Type
  p               1    1[BANK0 ] unsigned char 
 Return value:  Size  Location     Type
		None               void
 Registers used:
		wreg, status,2, status,0
 Tracked objects:
		On entry : 
		On exit  : 
		Unchanged: 
 Data sizes:     COMRAM   BANK0   BANK1   BANK2
      Params:         0       0       0       0
      Locals:         0       1       0       0
      Temps:          0       1       0       0
      Totals:         0       2       0       0
Total ram usage:        2 bytes
 Hardware stack levels used:    1
 Hardware stack levels required when called:    3
 This function calls:
		Nothing
 This function is called by:
		_main
 This function uses a non-reentrant model


 *************** function _seguiLinea *****************
 Defined at:
		line 57 in file "user.c"
 Parameters:    Size  Location     Type
		None
 Auto vars:     Size  Location     Type
  T               1    6[BANK0 ] unsigned char 
 Return value:  Size  Location     Type
		None               void
 Registers used:
		wreg, status,2, status,0, cstack
 Tracked objects:
		On entry : 
		On exit  : 
		Unchanged: 
 Data sizes:     COMRAM   BANK0   BANK1   BANK2
      Params:         0       0       0       0
      Locals:         0       1       0       0
      Temps:          0       1       0       0
      Totals:         0       2       0       0
Total ram usage:        2 bytes
 Hardware stack levels used:    1
 Hardware stack levels required when called:    4
 This function calls:
		_ADC_GetConversion
		_EPWM1_LoadDutyValue
		_EPWM2_LoadDutyValue
		_checkBatt
 This function is called by:
		_main
 This function uses a non-reentrant model


 *************** function _checkBatt *****************
 Defined at:
		line 183 in file "user.c"
 Parameters:    Size  Location     Type
		None
 Auto vars:     Size  Location     Type
		None
 Return value:  Size  Location     Type
		None               void
 Registers used:
		None
 Tracked objects:
		On entry : 
		On exit  : 
		Unchanged: 
 Data sizes:     COMRAM   BANK0   BANK1   BANK2
      Params:         0       0       0       0
      Locals:         0       0       0       0
      Temps:          0       0       0       0
      Totals:         0       0       0       0
Total ram usage:        0 bytes
 Hardware stack levels used:    1
 Hardware stack levels required when called:    3
 This function calls:
		Nothing
 This function is called by:
		_seguiLinea
		_main
 This function uses a non-reentrant model


 *************** function _EPWM2_LoadDutyValue *****************
 Defined at:
		line 91 in file "mcc_generated_files/epwm2.c"
 Parameters:    Size  Location     Type
  dutyValue       2    0[BANK0 ] unsigned int 
 Auto vars:     Size  Location     Type
		None
 Return value:  Size  Location     Type
		None               void
 Registers used:
		wreg, status,2, status,0
 Tracked objects:
		On entry : 
		On exit  : 
		Unchanged: 
 Data sizes:     COMRAM   BANK0   BANK1   BANK2
      Params:         0       2       0       0
      Locals:         0       0       0       0
      Temps:          0       2       0       0
      Totals:         0       4       0       0
Total ram usage:        4 bytes
 Hardware stack levels used:    1
 Hardware stack levels required when called:    3
 This function calls:
		Nothing
 This function is called by:
		_seguiLinea
		_stopM
		_main
 This function uses a non-reentrant model


 *************** function _EPWM1_LoadDutyValue *****************
 Defined at:
		line 91 in file "mcc_generated_files/epwm1.c"
 Parameters:    Size  Location     Type
  dutyValue       2    0[BANK0 ] unsigned int 
 Auto vars:     Size  Location     Type
		None
 Return value:  Size  Location     Type
		None               void
 Registers used:
		wreg, status,2, status,0
 Tracked objects:
		On entry : 
		On exit  : 
		Unchanged: 
 Data sizes:     COMRAM   BANK0   BANK1   BANK2
      Params:         0       2       0       0
      Locals:         0       0       0       0
      Temps:          0       2       0       0
      Totals:         0       4       0       0
Total ram usage:        4 bytes
 Hardware stack levels used:    1
 Hardware stack levels required when called:    3
 This function calls:
		Nothing
 This function is called by:
		_seguiLinea
		_stopM
		_main
 This function uses a non-reentrant model


 *************** function _controllaColore *****************
 Defined at:
		line 109 in file "user.c"
 Parameters:    Size  Location     Type
		None
 Auto vars:     Size  Location     Type
  i               1    8[BANK0 ] unsigned char 
  i               1    7[BANK0 ] unsigned char 
  i               1    6[BANK0 ] unsigned char 
 Return value:  Size  Location     Type
		None               void
 Registers used:
		wreg, status,2, status,0, cstack
 Tracked objects:
		On entry : 
		On exit  : 
		Unchanged: 
 Data sizes:     COMRAM   BANK0   BANK1   BANK2
      Params:         0       0       0       0
      Locals:         0       3       0       0
      Temps:          0       1       0       0
      Totals:         0       4       0       0
Total ram usage:        4 bytes
 Hardware stack levels used:    1
 Hardware stack levels required when called:    4
 This function calls:
		_ADC_GetConversion
 This function is called by:
		_main
 This function uses a non-reentrant model


 *************** function _ADC_GetConversion *****************
 Defined at:
		line 105 in file "mcc_generated_files/adc.c"
 Parameters:    Size  Location     Type
  channel         1    wreg     enum E7523
 Auto vars:     Size  Location     Type
  channel         1    4[BANK0 ] enum E7523
 Return value:  Size  Location     Type
                  2    0[BANK0 ] unsigned int 
 Registers used:
		wreg, status,2, status,0
 Tracked objects:
		On entry : 
		On exit  : 
		Unchanged: 
 Data sizes:     COMRAM   BANK0   BANK1   BANK2
      Params:         0       2       0       0
      Locals:         0       1       0       0
      Temps:          0       2       0       0
      Totals:         0       5       0       0
Total ram usage:        5 bytes
 Hardware stack levels used:    1
 Hardware stack levels required when called:    3
 This function calls:
		Nothing
 This function is called by:
		_seguiLinea
		_controllaColore
		_main
 This function uses a non-reentrant model


 *************** function _abbassaCarrello *****************
 Defined at:
		line 231 in file "user.c"
 Parameters:    Size  Location     Type
		None
 Auto vars:     Size  Location     Type
  p               1    2[BANK0 ] unsigned char 
  p               1    1[BANK0 ] unsigned char 
 Return value:  Size  Location     Type
		None               void
 Registers used:
		wreg, status,2, status,0
 Tracked objects:
		On entry : 
		On exit  : 
		Unchanged: 
 Data sizes:     COMRAM   BANK0   BANK1   BANK2
      Params:         0       0       0       0
      Locals:         0       2       0       0
      Temps:          0       1       0       0
      Totals:         0       3       0       0
Total ram usage:        3 bytes
 Hardware stack levels used:    1
 Hardware stack levels required when called:    3
 This function calls:
		Nothing
 This function is called by:
		_main
 This function uses a non-reentrant model


 *************** function _SYSTEM_Initialize *****************
 Defined at:
		line 106 in file "mcc_generated_files/mcc.c"
 Parameters:    Size  Location     Type
		None
 Auto vars:     Size  Location     Type
		None
 Return value:  Size  Location     Type
		None               void
 Registers used:
		wreg, status,2, cstack
 Tracked objects:
		On entry : 
		On exit  : 
		Unchanged: 
 Data sizes:     COMRAM   BANK0   BANK1   BANK2
      Params:         0       0       0       0
      Locals:         0       0       0       0
      Temps:          0       0       0       0
      Totals:         0       0       0       0
Total ram usage:        0 bytes
 Hardware stack levels used:    1
 Hardware stack levels required when called:    5
 This function calls:
		_ADC_Initialize
		_CCP4_Initialize
		_EPWM1_Initialize
		_EPWM2_Initialize
		_OSCILLATOR_Initialize
		_PIN_MANAGER_Initialize
		_TMR1_Initialize
		_TMR2_Initialize
 This function is called by:
		_main
 This function uses a non-reentrant model


 *************** function _TMR2_Initialize *****************
 Defined at:
		line 58 in file "mcc_generated_files/tmr2.c"
 Parameters:    Size  Location     Type
		None
 Auto vars:     Size  Location     Type
		None
 Return value:  Size  Location     Type
		None               void
 Registers used:
		wreg, status,2, cstack
 Tracked objects:
		On entry : 
		On exit  : 
		Unchanged: 
 Data sizes:     COMRAM   BANK0   BANK1   BANK2
      Params:         0       0       0       0
      Locals:         0       0       0       0
      Temps:          0       0       0       0
      Totals:         0       0       0       0
Total ram usage:        0 bytes
 Hardware stack levels used:    1
 Hardware stack levels required when called:    4
 This function calls:
		_TMR2_StartTimer
 This function is called by:
		_SYSTEM_Initialize
 This function uses a non-reentrant model


 *************** function _TMR2_StartTimer *****************
 Defined at:
		line 78 in file "mcc_generated_files/tmr2.c"
 Parameters:    Size  Location     Type
		None
 Auto vars:     Size  Location     Type
		None
 Return value:  Size  Location     Type
		None               void
 Registers used:
		None
 Tracked objects:
		On entry : 
		On exit  : 
		Unchanged: 
 Data sizes:     COMRAM   BANK0   BANK1   BANK2
      Params:         0       0       0       0
      Locals:         0       0       0       0
      Temps:          0       0       0       0
      Totals:         0       0       0       0
Total ram usage:        0 bytes
 Hardware stack levels used:    1
 Hardware stack levels required when called:    3
 This function calls:
		Nothing
 This function is called by:
		_TMR2_Initialize
 This function uses a non-reentrant model


 *************** function _TMR1_Initialize *****************
 Defined at:
		line 63 in file "mcc_generated_files/tmr1.c"
 Parameters:    Size  Location     Type
		None
 Auto vars:     Size  Location     Type
		None
 Return value:  Size  Location     Type
		None               void
 Registers used:
		wreg, status,2, cstack
 Tracked objects:
		On entry : 
		On exit  : 
		Unchanged: 
 Data sizes:     COMRAM   BANK0   BANK1   BANK2
      Params:         0       0       0       0
      Locals:         0       0       0       0
      Temps:          0       0       0       0
      Totals:         0       0       0       0
Total ram usage:        0 bytes
 Hardware stack levels used:    1
 Hardware stack levels required when called:    4
 This function calls:
		_TMR1_StartTimer
 This function is called by:
		_SYSTEM_Initialize
 This function uses a non-reentrant model


 *************** function _TMR1_StartTimer *****************
 Defined at:
		line 89 in file "mcc_generated_files/tmr1.c"
 Parameters:    Size  Location     Type
		None
 Auto vars:     Size  Location     Type
		None
 Return value:  Size  Location     Type
		None               void
 Registers used:
		None
 Tracked objects:
		On entry : 
		On exit  : 
		Unchanged: 
 Data sizes:     COMRAM   BANK0   BANK1   BANK2
      Params:         0       0       0       0
      Locals:         0       0       0       0
      Temps:          0       0       0       0
      Totals:         0       0       0       0
Total ram usage:        0 bytes
 Hardware stack levels used:    1
 Hardware stack levels required when called:    3
 This function calls:
		Nothing
 This function is called by:
		_TMR1_Initialize
 This function uses a non-reentrant model


 *************** function _PIN_MANAGER_Initialize *****************
 Defined at:
		line 50 in file "mcc_generated_files/pin_manager.c"
 Parameters:    Size  Location     Type
		None
 Auto vars:     Size  Location     Type
		None
 Return value:  Size  Location     Type
		None               void
 Registers used:
		wreg, status,2
 Tracked objects:
		On entry : 
		On exit  : 
		Unchanged: 
 Data sizes:     COMRAM   BANK0   BANK1   BANK2
      Params:         0       0       0       0
      Locals:         0       0       0       0
      Temps:          0       0       0       0
      Totals:         0       0       0       0
Total ram usage:        0 bytes
 Hardware stack levels used:    1
 Hardware stack levels required when called:    3
 This function calls:
		Nothing
 This function is called by:
		_SYSTEM_Initialize
 This function uses a non-reentrant model


 *************** function _OSCILLATOR_Initialize *****************
 Defined at:
		line 118 in file "mcc_generated_files/mcc.c"
 Parameters:    Size  Location     Type
		None
 Auto vars:     Size  Location     Type
		None
 Return value:  Size  Location     Type
		None               void
 Registers used:
		wreg, status,2
 Tracked objects:
		On entry : 
		On exit  : 
		Unchanged: 
 Data sizes:     COMRAM   BANK0   BANK1   BANK2
      Params:         0       0       0       0
      Locals:         0       0       0       0
      Temps:          0       0       0       0
      Totals:         0       0       0       0
Total ram usage:        0 bytes
 Hardware stack levels used:    1
 Hardware stack levels required when called:    3
 This function calls:
		Nothing
 This function is called by:
		_SYSTEM_Initialize
		_main
 This function uses a non-reentrant model


 *************** function _EPWM2_Initialize *****************
 Defined at:
		line 64 in file "mcc_generated_files/epwm2.c"
 Parameters:    Size  Location     Type
		None
 Auto vars:     Size  Location     Type
		None
 Return value:  Size  Location     Type
		None               void
 Registers used:
		wreg, status,2
 Tracked objects:
		On entry : 
		On exit  : 
		Unchanged: 
 Data sizes:     COMRAM   BANK0   BANK1   BANK2
      Params:         0       0       0       0
      Locals:         0       0       0       0
      Temps:          0       0       0       0
      Totals:         0       0       0       0
Total ram usage:        0 bytes
 Hardware stack levels used:    1
 Hardware stack levels required when called:    3
 This function calls:
		Nothing
 This function is called by:
		_SYSTEM_Initialize
 This function uses a non-reentrant model


 *************** function _EPWM1_Initialize *****************
 Defined at:
		line 64 in file "mcc_generated_files/epwm1.c"
 Parameters:    Size  Location     Type
		None
 Auto vars:     Size  Location     Type
		None
 Return value:  Size  Location     Type
		None               void
 Registers used:
		wreg, status,2
 Tracked objects:
		On entry : 
		On exit  : 
		Unchanged: 
 Data sizes:     COMRAM   BANK0   BANK1   BANK2
      Params:         0       0       0       0
      Locals:         0       0       0       0
      Temps:          0       0       0       0
      Totals:         0       0       0       0
Total ram usage:        0 bytes
 Hardware stack levels used:    1
 Hardware stack levels required when called:    3
 This function calls:
		Nothing
 This function is called by:
		_SYSTEM_Initialize
 This function uses a non-reentrant model


 *************** function _CCP4_Initialize *****************
 Defined at:
		line 58 in file "mcc_generated_files/ccp4.c"
 Parameters:    Size  Location     Type
		None
 Auto vars:     Size  Location     Type
		None
 Return value:  Size  Location     Type
		None               void
 Registers used:
		wreg, status,2
 Tracked objects:
		On entry : 
		On exit  : 
		Unchanged: 
 Data sizes:     COMRAM   BANK0   BANK1   BANK2
      Params:         0       0       0       0
      Locals:         0       0       0       0
      Temps:          0       0       0       0
      Totals:         0       0       0       0
Total ram usage:        0 bytes
 Hardware stack levels used:    1
 Hardware stack levels required when called:    3
 This function calls:
		Nothing
 This function is called by:
		_SYSTEM_Initialize
 This function uses a non-reentrant model


 *************** function _ADC_Initialize *****************
 Defined at:
		line 59 in file "mcc_generated_files/adc.c"
 Parameters:    Size  Location     Type
		None
 Auto vars:     Size  Location     Type
		None
 Return value:  Size  Location     Type
		None               void
 Registers used:
		wreg, status,2
 Tracked objects:
		On entry : 
		On exit  : 
		Unchanged: 
 Data sizes:     COMRAM   BANK0   BANK1   BANK2
      Params:         0       0       0       0
      Locals:         0       0       0       0
      Temps:          0       0       0       0
      Totals:         0       0       0       0
Total ram usage:        0 bytes
 Hardware stack levels used:    1
 Hardware stack levels required when called:    3
 This function calls:
		Nothing
 This function is called by:
		_SYSTEM_Initialize
 This function uses a non-reentrant model


 *************** function _InitApp *****************
 Defined at:
		line 30 in file "user.c"
 Parameters:    Size  Location     Type
		None
 Auto vars:     Size  Location     Type
		None
 Return value:  Size  Location     Type
		None               void
 Registers used:
		wreg, status,2
 Tracked objects:
		On entry : 
		On exit  : 
		Unchanged: 
 Data sizes:     COMRAM   BANK0   BANK1   BANK2
      Params:         0       0       0       0
      Locals:         0       0       0       0
      Temps:          0       0       0       0
      Totals:         0       0       0       0
Total ram usage:        0 bytes
 Hardware stack levels used:    1
 Hardware stack levels required when called:    3
 This function calls:
		Nothing
 This function is called by:
		_main
 This function uses a non-reentrant model


 *************** function _low_isr *****************
 Defined at:
		line 67 in file "interrupts.c"
 Parameters:    Size  Location     Type
		None
 Auto vars:     Size  Location     Type
		None
 Return value:  Size  Location     Type
		None               void
 Registers used:
		None
 Tracked objects:
		On entry : 
		On exit  : 
		Unchanged: 
 Data sizes:     COMRAM   BANK0   BANK1   BANK2
      Params:         0       0       0       0
      Locals:         0       0       0       0
      Temps:         17       0       0       0
      Totals:        17       0       0       0
Total ram usage:       17 bytes
 Hardware stack levels used:    1
 Hardware stack levels required when called:    2
 This function calls:
		Nothing
 This function is called by:
		Interrupt level 1
 This function uses a non-reentrant model


 *************** function _high_isr *****************
 Defined at:
		line 27 in file "interrupts.c"
 Parameters:    Size  Location     Type
		None
 Auto vars:     Size  Location     Type
		None
 Return value:  Size  Location     Type
		None               void
 Registers used:
		None
 Tracked objects:
		On entry : 
		On exit  : 
		Unchanged: 
 Data sizes:     COMRAM   BANK0   BANK1   BANK2
      Params:         0       0       0       0
      Locals:         0       0       0       0
      Temps:         14       0       0       0
      Totals:        14       0       0       0
Total ram usage:       14 bytes
 Hardware stack levels used:    1
 This function calls:
		Nothing
 This function is called by:
		Interrupt level 2
 This function uses a non-reentrant model


 *************** function _stop *****************
 Defined at:
		line 240 in file "main.c"
 Parameters:    Size  Location     Type
		None
 Auto vars:     Size  Location     Type
		None
 Return value:  Size  Location     Type
		None               void
 Registers used:
		wreg, status,2, status,0, cstack
 Tracked objects:
		On entry : 
		On exit  : 
		Unchanged: 
 Data sizes:     COMRAM   BANK0   BANK1   BANK2
      Params:         0       0       0       0
      Locals:         0       0       0       0
      Temps:         15       0       0       0
      Totals:        15       0       0       0
Total ram usage:       15 bytes
 Hardware stack levels used:    1
 Hardware stack levels required when called:    1
 This function calls:
		_CCP4_SetCompareCount
 This function is called by:
		Interrupt level 2
 This function uses a non-reentrant model


 *************** function _CCP4_SetCompareCount *****************
 Defined at:
		line 75 in file "mcc_generated_files/ccp4.c"
 Parameters:    Size  Location     Type
  compareCount    2   31[COMRAM] unsigned int 
 Auto vars:     Size  Location     Type
  module          2   33[COMRAM] struct CCPR4Reg_tag
 Return value:  Size  Location     Type
		None               void
 Registers used:
		None
 Tracked objects:
		On entry : 
		On exit  : 
		Unchanged: 
 Data sizes:     COMRAM   BANK0   BANK1   BANK2
      Params:         2       0       0       0
      Locals:         2       0       0       0
      Temps:          0       0       0       0
      Totals:         4       0       0       0
Total ram usage:        4 bytes
 Hardware stack levels used:    1
 This function calls:
		Nothing
 This function is called by:
		_stop
		_suonaBuzzer_1
 This function uses a non-reentrant model



MODULE INFORMATION

Module		Function		Class		Link	Load	Size
mcc_generated_files/tmr2.c
		_TMR2_Initialize		CODE           	0BEE	0000	19
		_TMR2_StartTimer		CODE           	0C24	0000	5

mcc_generated_files/tmr2.c estimated size: 24

interrupts.c
		_high_isr      		CODE           	0008	0000	119
		_low_isr       		CODE           	0018	0000	143

interrupts.c estimated size: 262

mcc_generated_files/epwm2.c
		_EPWM2_LoadDutyValue		CODE           	0A76	0000	61
		_EPWM2_Initialize		CODE           	0B60	0000	33

mcc_generated_files/epwm2.c estimated size: 94

mcc_generated_files/pin_manager.c
		_PIN_MANAGER_Initialize		CODE           	0AEE	0000	49

mcc_generated_files/pin_manager.c estimated size: 49

mcc_generated_files/ccp4.c
		_CCP4_Initialize		CODE           	0BBE	0000	27
		_CCP4_SetCompareCount		CODE           	0C00	0000	19

mcc_generated_files/ccp4.c estimated size: 46

mcc_generated_files/adc.c
		_ADC_Initialize		CODE           	0BD8	0000	23
		_ADC_GetConversion		CODE           	09FA	0000	65

mcc_generated_files/adc.c estimated size: 88

shared
		__initialization		CODE           	09B8	0000	57

shared estimated size: 57

mcc_generated_files/mcc.c
		_OSCILLATOR_Initialize		CODE           	0C12	0000	15
		_SYSTEM_Initialize		CODE           	0B1E	0000	35

mcc_generated_files/mcc.c estimated size: 50

mcc_generated_files/tmr1.c
		_TMR1_Initialize		CODE           	0B40	0000	33
		_TMR1_StartTimer		CODE           	0C28	0000	5

mcc_generated_files/tmr1.c estimated size: 38

mcc_generated_files/epwm1.c
		_EPWM1_LoadDutyValue		CODE           	0AB2	0000	61
		_EPWM1_Initialize		CODE           	0B80	0000	33

mcc_generated_files/epwm1.c estimated size: 94

user.c
		_checkBatt     		CODE           	0C2C	0000	3
		_seguiLinea    		CODE           	066C	0000	287
		_abbassaCarrello		CODE           	084C	0000	195
		_stopM         		CODE           	0A3A	0000	61
		_InitApp       		CODE           	0BA0	0000	31
		_controllaColore		CODE           	050C	0000	353
		_sollevaCarrello		CODE           	078A	0000	195

user.c estimated size: 1125

main.c
		_stop          		CODE           	007E	0000	185
		_main          		CODE           	00AA	0000	1123

main.c estimated size: 1308

